<html>
<body>
<pre>
<h1>�Vision Build Log</h1>
<h2>Tool Versions:</h2>
IDE-Version: ��Vision V5.38.0.0
Copyright (C) 2022 ARM Ltd and ARM Germany GmbH. All rights reserved.
License Information: 1 wh, 1, LIC=GMZI6-DLEPL-9UA4U-SS2LE-C6LJ0-67QNB
 
Tool Versions:
Toolchain:       MDK-ARM Plus  Version: 5.38.0.0
Toolchain Path:  D:\Program Files\keil\ARM\AC506u7\Bin
C Compiler:      Armcc.exe V5.06 update 7 (build 960)
Assembler:       Armasm.exe V5.06 update 7 (build 960)
Linker/Locator:  ArmLink.exe V5.06 update 7 (build 960)
Library Manager: ArmAr.exe V5.06 update 7 (build 960)
Hex Converter:   FromElf.exe V5.06 update 7 (build 960)
CPU DLL:         SARMCM3.DLL V5.38.0.0
Dialog DLL:      DCM.DLL V1.17.5.0
Target DLL:      CMSIS_AGDI.dll V1.33.15.0
Dialog DLL:      TCM.DLL V1.56.4.0
 
<h2>Project:</h2>
D:\wh\Desktop\MCU\Projects\STM32F429_SPIFLASH_FATFS\MDK-ARM\STM32F429_SPIFLASH_FATFS.uvprojx
Project File Date:  09/10/2024

<h2>Output:</h2>
*** Using Compiler 'V5.06 update 7 (build 960)', folder: 'D:\Program Files\keil\ARM\AC506u7\Bin'
Build target 'STM32F429_SPIFLASH_FATFS'
compiling ffsystem.c...
compiling ffunicode.c...
compiling ff.c...
compiling diskio.c...
compiling main.c...
../Core/Src/main.c(116): warning:  #870-D: invalid multibyte character sequence
  		printf("》FLASH还没有文件系统，即将进行格式�?...\r\n");
../Core/Src/main.c(143): warning:  #870-D: invalid multibyte character sequence
  		printf("！！外部Flash挂载文件系统失败�?(%d)\r\n",res_flash);
../Core/Src/main.c(145): warning:  #870-D: invalid multibyte character sequence
  		printf("请下�? SPI—读写串行FLASH 例程测试，如果正常，在该例程f_mount语句下if语句前临时多添加一�? res_flash = FR_NO_FILESYSTEM; 让重新直接执行格式化流程\r\n");
../Core/Src/main.c(145): warning:  #870-D: invalid multibyte character sequence
  		printf("请下�? SPI—读写串行FLASH 例程测试，如果正常，在该例程f_mount语句下if语句前临时多添加一�? res_flash = FR_NO_FILESYSTEM; 让重新直接执行格式化流程\r\n");
../Core/Src/main.c(164): warning:  #870-D: invalid multibyte character sequence
  		  printf("》文件写入成功，写入字节数据�?%d\n",fnum);
../Core/Src/main.c(169): warning:  #870-D: invalid multibyte character sequence
  		  printf("！！文件写入失败�?(%d)\n",res_flash);
../Core/Src/main.c(189): warning:  #870-D: invalid multibyte character sequence
  			printf("》文件读取成�?,读到字节数据�?%d\r\n",fnum);
../Core/Src/main.c(189): warning:  #870-D: invalid multibyte character sequence
  			printf("》文件读取成�?,读到字节数据�?%d\r\n",fnum);
../Core/Src/main.c(194): warning:  #870-D: invalid multibyte character sequence
  			printf("！！文件读取失败�?(%d)\n",res_flash);
../Core/Src/main.c: 9 warnings, 0 errors
linking...
Program Size: Code=22964 RO-data=1944 RW-data=160 ZI-data=19896  
FromELF: creating hex file...
"STM32F429_SPIFLASH_FATFS\STM32F429_SPIFLASH_FATFS.axf" - 0 Error(s), 9 Warning(s).

<h2>Software Packages used:</h2>

Package Vendor: ARM
                http://www.keil.com/pack/ARM.CMSIS.5.9.0.pack
                ARM.CMSIS.5.9.0
                CMSIS (Common Microcontroller Software Interface Standard)
   * Component: CORE Version: 5.6.0

Package Vendor: GigaDevice
                http://gd32mcu.com/data/documents/pack/GigaDevice.GD32F4xx_DFP.2.1.0.pack
                GigaDevice.GD32F4xx_DFP.2.1.0
                GigaDevice GD32F4xx Series Device Support and Examples

<h2>Collection of Component include folders:</h2>
  ./RTE/_STM32F429_SPIFLASH_FATFS
  D:/Program Files/keil_pack/ARM/CMSIS/5.9.0/CMSIS/Core/Include
  D:/Program Files/keil_pack/GigaDevice/GD32F4xx_DFP/2.1.0/Device/F4XX/Include

<h2>Collection of Component Files used:</h2>

   * Component: ARM::CMSIS:CORE:5.6.0
Build Time Elapsed:  00:00:02
</pre>
</body>
</html>
