<html>
<body>
<pre>
<h1>µVision Build Log</h1>
<h2>Tool Versions:</h2>
IDE-Version: ¦ÌVision V5.38.0.0
Copyright (C) 2022 ARM Ltd and ARM Germany GmbH. All rights reserved.
License Information: 1 wh, 1, LIC=GMZI6-DLEPL-9UA4U-SS2LE-C6LJ0-67QNB
 
Tool Versions:
Toolchain:       MDK-ARM Plus  Version: 5.38.0.0
Toolchain Path:  D:\Program Files\keil\ARM\AC506u7\Bin
C Compiler:      Armcc.exe V5.06 update 7 (build 960)
Assembler:       Armasm.exe V5.06 update 7 (build 960)
Linker/Locator:  ArmLink.exe V5.06 update 7 (build 960)
Library Manager: ArmAr.exe V5.06 update 7 (build 960)
Hex Converter:   FromElf.exe V5.06 update 7 (build 960)
CPU DLL:         SARMCM3.DLL V5.38.0.0
Dialog DLL:      DCM.DLL V1.17.5.0
Target DLL:      CMSIS_AGDI.dll V1.33.15.0
Dialog DLL:      TCM.DLL V1.56.4.0
 
<h2>Project:</h2>
D:\wh\Desktop\MCU\Projects\STM32F429_SPIFLASH_FATFS\MDK-ARM\STM32F429_SPIFLASH_FATFS.uvprojx
Project File Date:  09/06/2024

<h2>Output:</h2>
*** Using Compiler 'V5.06 update 7 (build 960)', folder: 'D:\Program Files\keil\ARM\AC506u7\Bin'
Build target 'STM32F429_SPIFLASH_FATFS'
compiling w25qxx.c...
..\Drivers\W25Qxx\w25qxx.c(41): warning:  #188-D: enumerated type mixed with another type
  	SPI_CS_LOW;
..\Drivers\W25Qxx\w25qxx.c(46): warning:  #188-D: enumerated type mixed with another type
  	SPI_CS_HIGH;
..\Drivers\W25Qxx\w25qxx.c(79): warning:  #188-D: enumerated type mixed with another type
  	SPI_CS_LOW;
..\Drivers\W25Qxx\w25qxx.c(81): warning:  #188-D: enumerated type mixed with another type
  	SPI_CS_HIGH;
..\Drivers\W25Qxx\w25qxx.c(94): warning:  #188-D: enumerated type mixed with another type
  	SPI_CS_LOW;
..\Drivers\W25Qxx\w25qxx.c(96): warning:  #188-D: enumerated type mixed with another type
  	SPI_CS_HIGH;
..\Drivers\W25Qxx\w25qxx.c(111): warning:  #188-D: enumerated type mixed with another type
  	SPI_CS_LOW;
..\Drivers\W25Qxx\w25qxx.c(116): warning:  #188-D: enumerated type mixed with another type
  	SPI_CS_HIGH;
..\Drivers\W25Qxx\w25qxx.c(154): warning:  #188-D: enumerated type mixed with another type
  	SPI_CS_LOW;
..\Drivers\W25Qxx\w25qxx.c(158): warning:  #188-D: enumerated type mixed with another type
  	SPI_CS_HIGH;
..\Drivers\W25Qxx\w25qxx.c(181): warning:  #188-D: enumerated type mixed with another type
  	SPI_CS_LOW;
..\Drivers\W25Qxx\w25qxx.c(187): warning:  #188-D: enumerated type mixed with another type
  	SPI_CS_HIGH;
..\Drivers\W25Qxx\w25qxx.c(211): warning:  #188-D: enumerated type mixed with another type
  	SPI_CS_LOW;
..\Drivers\W25Qxx\w25qxx.c(217): warning:  #188-D: enumerated type mixed with another type
  	SPI_CS_HIGH;
..\Drivers\W25Qxx\w25qxx.c(238): warning:  #188-D: enumerated type mixed with another type
  	SPI_CS_LOW;
..\Drivers\W25Qxx\w25qxx.c(241): warning:  #188-D: enumerated type mixed with another type
  	SPI_CS_HIGH;
..\Drivers\W25Qxx\w25qxx.c: 16 warnings, 0 errors
linking...
Program Size: Code=13620 RO-data=532 RW-data=152 ZI-data=19896  
FromELF: creating hex file...
"STM32F429_SPIFLASH_FATFS\STM32F429_SPIFLASH_FATFS.axf" - 0 Error(s), 16 Warning(s).

<h2>Software Packages used:</h2>

Package Vendor: ARM
                http://www.keil.com/pack/ARM.CMSIS.5.9.0.pack
                ARM.CMSIS.5.9.0
                CMSIS (Common Microcontroller Software Interface Standard)
   * Component: CORE Version: 5.6.0

Package Vendor: GigaDevice
                http://gd32mcu.com/data/documents/pack/GigaDevice.GD32F4xx_DFP.2.1.0.pack
                GigaDevice.GD32F4xx_DFP.2.1.0
                GigaDevice GD32F4xx Series Device Support and Examples

<h2>Collection of Component include folders:</h2>
  ./RTE/_STM32F429_SPIFLASH_FATFS
  D:/Program Files/keil_pack/ARM/CMSIS/5.9.0/CMSIS/Core/Include
  D:/Program Files/keil_pack/GigaDevice/GD32F4xx_DFP/2.1.0/Device/F4XX/Include

<h2>Collection of Component Files used:</h2>

   * Component: ARM::CMSIS:CORE:5.6.0
Build Time Elapsed:  00:00:03
</pre>
</body>
</html>
