Component: ARM Compiler 5.06 update 7 (build 960) Tool: armlink [4d3601]

==============================================================================

Section Cross References

    startup_stm32f429xx.o(RESET) refers to startup_stm32f429xx.o(STACK) for __initial_sp
    startup_stm32f429xx.o(RESET) refers to startup_stm32f429xx.o(.text) for Reset_Handler
    startup_stm32f429xx.o(RESET) refers to stm32f4xx_it.o(i.NMI_Handler) for NMI_Handler
    startup_stm32f429xx.o(RESET) refers to stm32f4xx_it.o(i.HardFault_Handler) for HardFault_Handler
    startup_stm32f429xx.o(RESET) refers to stm32f4xx_it.o(i.MemManage_Handler) for MemManage_Handler
    startup_stm32f429xx.o(RESET) refers to stm32f4xx_it.o(i.BusFault_Handler) for BusFault_Handler
    startup_stm32f429xx.o(RESET) refers to stm32f4xx_it.o(i.UsageFault_Handler) for UsageFault_Handler
    startup_stm32f429xx.o(RESET) refers to port.o(.emb_text) for SVC_Handler
    startup_stm32f429xx.o(RESET) refers to stm32f4xx_it.o(i.DebugMon_Handler) for DebugMon_Handler
    startup_stm32f429xx.o(RESET) refers to cmsis_os2.o(i.SysTick_Handler) for SysTick_Handler
    startup_stm32f429xx.o(RESET) refers to stm32f4xx_it.o(i.TIM6_DAC_IRQHandler) for TIM6_DAC_IRQHandler
    startup_stm32f429xx.o(.text) refers to system_stm32f4xx.o(i.SystemInit) for SystemInit
    startup_stm32f429xx.o(.text) refers to entry.o(.ARM.Collect$$$$00000000) for __main
    main.o(i.HAL_TIM_PeriodElapsedCallback) refers to stm32f4xx_hal.o(i.HAL_IncTick) for HAL_IncTick
    main.o(i.SystemClock_Config) refers to memseta.o(.text) for __aeabi_memclr4
    main.o(i.SystemClock_Config) refers to stm32f4xx_hal_rcc.o(i.HAL_RCC_OscConfig) for HAL_RCC_OscConfig
    main.o(i.SystemClock_Config) refers to stm32f4xx_hal_pwr_ex.o(i.HAL_PWREx_EnableOverDrive) for HAL_PWREx_EnableOverDrive
    main.o(i.SystemClock_Config) refers to stm32f4xx_hal_rcc.o(i.HAL_RCC_ClockConfig) for HAL_RCC_ClockConfig
    main.o(i.main) refers to stm32f4xx_hal.o(i.HAL_Init) for HAL_Init
    main.o(i.main) refers to main.o(i.SystemClock_Config) for SystemClock_Config
    main.o(i.main) refers to gpio.o(i.MX_GPIO_Init) for MX_GPIO_Init
    main.o(i.main) refers to spi.o(i.MX_SPI5_Init) for MX_SPI5_Init
    main.o(i.main) refers to usart.o(i.MX_USART1_UART_Init) for MX_USART1_UART_Init
    main.o(i.main) refers to memseta.o(.text) for __aeabi_memclr4
    main.o(i.main) refers to memcpya.o(.text) for __aeabi_memcpy4
    main.o(i.main) refers to ff.o(i.f_mount) for f_mount
    main.o(i.main) refers to printf3.o(i.__0printf$3) for __2printf
    main.o(i.main) refers to ff.o(i.f_mkfs) for f_mkfs
    main.o(i.main) refers to ff.o(i.f_open) for f_open
    main.o(i.main) refers to ff.o(i.f_close) for f_close
    main.o(i.main) refers to cmsis_os2.o(i.osKernelInitialize) for osKernelInitialize
    main.o(i.main) refers to freertos.o(i.MX_FREERTOS_Init) for MX_FREERTOS_Init
    main.o(i.main) refers to cmsis_os2.o(i.osKernelStart) for osKernelStart
    main.o(i.main) refers to ff.o(i.f_write) for f_write
    main.o(i.main) refers to ff.o(i.f_read) for f_read
    main.o(i.main) refers to main.o(.constdata) for .constdata
    main.o(i.main) refers to main.o(.conststring) for .conststring
    gpio.o(i.MX_GPIO_Init) refers to memseta.o(.text) for __aeabi_memclr4
    gpio.o(i.MX_GPIO_Init) refers to stm32f4xx_hal_gpio.o(i.HAL_GPIO_WritePin) for HAL_GPIO_WritePin
    gpio.o(i.MX_GPIO_Init) refers to stm32f4xx_hal_gpio.o(i.HAL_GPIO_Init) for HAL_GPIO_Init
    freertos.o(i.MX_FREERTOS_Init) refers to cmsis_os2.o(i.osThreadNew) for osThreadNew
    freertos.o(i.MX_FREERTOS_Init) refers to freertos.o(.constdata) for .constdata
    freertos.o(i.MX_FREERTOS_Init) refers to freertos.o(i.StartDefaultTask) for StartDefaultTask
    freertos.o(i.MX_FREERTOS_Init) refers to freertos.o(.data) for .data
    freertos.o(i.StartDefaultTask) refers to cmsis_os2.o(i.osDelay) for osDelay
    freertos.o(.constdata) refers to freertos.o(.conststring) for .conststring
    spi.o(i.HAL_SPI_MspDeInit) refers to stm32f4xx_hal_gpio.o(i.HAL_GPIO_DeInit) for HAL_GPIO_DeInit
    spi.o(i.HAL_SPI_MspInit) refers to memseta.o(.text) for __aeabi_memclr4
    spi.o(i.HAL_SPI_MspInit) refers to stm32f4xx_hal_gpio.o(i.HAL_GPIO_Init) for HAL_GPIO_Init
    spi.o(i.MX_SPI5_Init) refers to stm32f4xx_hal_spi.o(i.HAL_SPI_Init) for HAL_SPI_Init
    spi.o(i.MX_SPI5_Init) refers to main.o(i.Error_Handler) for Error_Handler
    spi.o(i.MX_SPI5_Init) refers to spi.o(.bss) for .bss
    usart.o(i.HAL_UART_MspDeInit) refers to stm32f4xx_hal_gpio.o(i.HAL_GPIO_DeInit) for HAL_GPIO_DeInit
    usart.o(i.HAL_UART_MspInit) refers to memseta.o(.text) for __aeabi_memclr4
    usart.o(i.HAL_UART_MspInit) refers to stm32f4xx_hal_gpio.o(i.HAL_GPIO_Init) for HAL_GPIO_Init
    usart.o(i.MX_USART1_UART_Init) refers to stm32f4xx_hal_uart.o(i.HAL_UART_Init) for HAL_UART_Init
    usart.o(i.MX_USART1_UART_Init) refers to main.o(i.Error_Handler) for Error_Handler
[...]
    i.HardFault_Handler                      0x080014da   Section        0  stm32f4xx_it.o(i.HardFault_Handler)
    i.MX_FREERTOS_Init                       0x080014dc   Section        0  freertos.o(i.MX_FREERTOS_Init)
    i.MX_GPIO_Init                           0x080014fc   Section        0  gpio.o(i.MX_GPIO_Init)
    i.MX_SPI5_Init                           0x0800157c   Section        0  spi.o(i.MX_SPI5_Init)
    i.MX_USART1_UART_Init                    0x080015c0   Section        0  usart.o(i.MX_USART1_UART_Init)
    i.MemManage_Handler                      0x080015f8   Section        0  stm32f4xx_it.o(i.MemManage_Handler)
    i.NMI_Handler                            0x080015fa   Section        0  stm32f4xx_it.o(i.NMI_Handler)
    i.SPI_EndRxTxTransaction                 0x080015fc   Section        0  stm32f4xx_hal_spi.o(i.SPI_EndRxTxTransaction)
    SPI_EndRxTxTransaction                   0x080015fd   Thumb Code    80  stm32f4xx_hal_spi.o(i.SPI_EndRxTxTransaction)
    i.SPI_WaitFlagStateUntilTimeout          0x08001654   Section        0  stm32f4xx_hal_spi.o(i.SPI_WaitFlagStateUntilTimeout)
    SPI_WaitFlagStateUntilTimeout            0x08001655   Thumb Code   180  stm32f4xx_hal_spi.o(i.SPI_WaitFlagStateUntilTimeout)
    i.StartDefaultTask                       0x0800170c   Section        0  freertos.o(i.StartDefaultTask)
    i.SysTick_Handler                        0x08001714   Section        0  cmsis_os2.o(i.SysTick_Handler)
    i.SystemClock_Config                     0x08001730   Section        0  main.o(i.SystemClock_Config)
    i.SystemInit                             0x080017cc   Section        0  system_stm32f4xx.o(i.SystemInit)
    i.TIM6_DAC_IRQHandler                    0x080017dc   Section        0  stm32f4xx_it.o(i.TIM6_DAC_IRQHandler)
    i.TIM_Base_SetConfig                     0x080017e8   Section        0  stm32f4xx_hal_tim.o(i.TIM_Base_SetConfig)
    i.UART_SetConfig                         0x080018b0   Section        0  stm32f4xx_hal_uart.o(i.UART_SetConfig)
    UART_SetConfig                           0x080018b1   Thumb Code   258  stm32f4xx_hal_uart.o(i.UART_SetConfig)
    i.UART_WaitOnFlagUntilTimeout            0x080019bc   Section        0  stm32f4xx_hal_uart.o(i.UART_WaitOnFlagUntilTimeout)
    UART_WaitOnFlagUntilTimeout              0x080019bd   Thumb Code   120  stm32f4xx_hal_uart.o(i.UART_WaitOnFlagUntilTimeout)
    i.UsageFault_Handler                     0x08001a34   Section        0  stm32f4xx_it.o(i.UsageFault_Handler)
    i.__0printf$3                            0x08001a38   Section        0  printf3.o(i.__0printf$3)
    i.__NVIC_SetPriority                     0x08001a58   Section        0  stm32f4xx_hal_cortex.o(i.__NVIC_SetPriority)
    __NVIC_SetPriority                       0x08001a59   Thumb Code    32  stm32f4xx_hal_cortex.o(i.__NVIC_SetPriority)
    i.__scatterload_copy                     0x08001a78   Section       14  handlers.o(i.__scatterload_copy)
    i.__scatterload_null                     0x08001a86   Section        2  handlers.o(i.__scatterload_null)
    i.__scatterload_zeroinit                 0x08001a88   Section       14  handlers.o(i.__scatterload_zeroinit)
    i._printf_core                           0x08001a98   Section        0  printf3.o(i._printf_core)
    _printf_core                             0x08001a99   Thumb Code   436  printf3.o(i._printf_core)
    i.check_fs                               0x08001c50   Section        0  ff.o(i.check_fs)
    check_fs                                 0x08001c51   Thumb Code   194  ff.o(i.check_fs)
    i.clst2sect                              0x08001d20   Section        0  ff.o(i.clst2sect)
    clst2sect                                0x08001d21   Thumb Code    24  ff.o(i.clst2sect)
    i.cmp_lfn                                0x08001d38   Section        0  ff.o(i.cmp_lfn)
    cmp_lfn                                  0x08001d39   Thumb Code   124  ff.o(i.cmp_lfn)
    i.create_chain                           0x08001db8   Section        0  ff.o(i.create_chain)
    create_chain                             0x08001db9   Thumb Code   218  ff.o(i.create_chain)
    i.create_name                            0x08001e94   Section        0  ff.o(i.create_name)
    create_name                              0x08001e95   Thumb Code   564  ff.o(i.create_name)
    i.create_partition                       0x080020e0   Section        0  ff.o(i.create_partition)
    create_partition                         0x080020e1   Thumb Code   312  ff.o(i.create_partition)
    i.dbc_1st                                0x08002218   Section        0  ff.o(i.dbc_1st)
    dbc_1st                                  0x08002219   Thumb Code     8  ff.o(i.dbc_1st)
    i.dir_clear                              0x08002220   Section        0  ff.o(i.dir_clear)
    dir_clear                                0x08002221   Thumb Code    88  ff.o(i.dir_clear)
    i.dir_find                               0x08002278   Section        0  ff.o(i.dir_find)
    dir_find                                 0x08002279   Thumb Code   190  ff.o(i.dir_find)
    i.dir_next                               0x08002336   Section        0  ff.o(i.dir_next)
    dir_next                                 0x08002337   Thumb Code   188  ff.o(i.dir_next)
    i.dir_register                           0x080023f4   Section        0  ff.o(i.dir_register)
    dir_register                             0x080023f5   Thumb Code   486  ff.o(i.dir_register)
    i.dir_sdi                                0x080025e0   Section        0  ff.o(i.dir_sdi)
    dir_sdi                                  0x080025e1   Thumb Code   142  ff.o(i.dir_sdi)
    i.disk_initialize                        0x0800266e   Section        0  diskio.o(i.disk_initialize)
    i.disk_ioctl                             0x08002672   Section        0  diskio.o(i.disk_ioctl)
    i.disk_read                              0x0800269c   Section        0  diskio.o(i.disk_read)
    i.disk_status                            0x080026bc   Section        0  diskio.o(i.disk_status)
    i.disk_write                             0x080026c0   Section        0  diskio.o(i.disk_write)
    i.f_close                                0x080026da   Section        0  ff.o(i.f_close)
    i.f_mkfs                                 0x080026f8   Section        0  ff.o(i.f_mkfs)
    i.f_mount                                0x08002cac   Section        0  ff.o(i.f_mount)
    i.f_open                                 0x08002cf8   Section        0  ff.o(i.f_open)
    i.f_read                                 0x08002ec0   Section        0  ff.o(i.f_read)
    i.f_sync                                 0x0800302c   Section        0  ff.o(i.f_sync)
    i.f_write                                0x080030bc   Section        0  ff.o(i.f_write)
    i.ff_oem2uni                             0x08003260   Section        0  ffunicode.o(i.ff_oem2uni)
    i.ff_uni2oem                             0x08003290   Section        0  ffunicode.o(i.ff_uni2oem)
    i.ff_wtoupper                            0x080032cc   Section        0  ffunicode.o(i.ff_wtoupper)
    i.follow_path                            0x08003354   Section        0  ff.o(i.follow_path)
    follow_path                              0x08003355   Thumb Code   124  ff.o(i.follow_path)
    i.fputc                                  0x080033d0   Section        0  usart.o(i.fputc)
    i.gen_numname                            0x080033e8   Section        0  ff.o(i.gen_numname)
    gen_numname                              0x080033e9   Thumb Code   152  ff.o(i.gen_numname)
    i.get_fat                                0x08003484   Section        0  ff.o(i.get_fat)
    get_fat                                  0x08003485   Thumb Code   232  ff.o(i.get_fat)
    i.get_ldnumber                           0x0800356c   Section        0  ff.o(i.get_ldnumber)
    get_ldnumber                             0x0800356d   Thumb Code    56  ff.o(i.get_ldnumber)
    i.ld_clust                               0x080035a4   Section        0  ff.o(i.ld_clust)
    ld_clust                                 0x080035a5   Thumb Code    38  ff.o(i.ld_clust)
    i.ld_dword                               0x080035ca   Section        0  ff.o(i.ld_dword)
    ld_dword                                 0x080035cb   Thumb Code    22  ff.o(i.ld_dword)
    i.ld_word                                0x080035e0   Section        0  ff.o(i.ld_word)
    ld_word                                  0x080035e1   Thumb Code    10  ff.o(i.ld_word)
    i.main                                   0x080035ec   Section        0  main.o(i.main)
    i.mount_volume                           0x08003b6c   Section        0  ff.o(i.mount_volume)
    mount_volume                             0x08003b6d   Thumb Code   624  ff.o(i.mount_volume)
    i.move_window                            0x08003dec   Section        0  ff.o(i.move_window)
    move_window                              0x08003ded   Thumb Code    50  ff.o(i.move_window)
    i.osDelay                                0x08003e1e   Section        0  cmsis_os2.o(i.osDelay)
    i.osKernelInitialize                     0x08003e38   Section        0  cmsis_os2.o(i.osKernelInitialize)
    i.osKernelStart                          0x08003e5c   Section        0  cmsis_os2.o(i.osKernelStart)
    i.osThreadNew                            0x08003e94   Section        0  cmsis_os2.o(i.osThreadNew)
    i.prvAddCurrentTaskToDelayedList         0x08003f20   Section        0  tasks.o(i.prvAddCurrentTaskToDelayedList)
    prvAddCurrentTaskToDelayedList           0x08003f21   Thumb Code    84  tasks.o(i.prvAddCurrentTaskToDelayedList)
    i.prvAddNewTaskToReadyList               0x08003f7c   Section        0  tasks.o(i.prvAddNewTaskToReadyList)
    prvAddNewTaskToReadyList                 0x08003f7d   Thumb Code   190  tasks.o(i.prvAddNewTaskToReadyList)
    i.prvCheckForValidListAndQueue           0x0800404c   Section        0  timers.o(i.prvCheckForValidListAndQueue)
    prvCheckForValidListAndQueue             0x0800404d   Thumb Code    72  timers.o(i.prvCheckForValidListAndQueue)
    i.prvCopyDataFromQueue                   0x080040a4   Section        0  queue.o(i.prvCopyDataFromQueue)
    prvCopyDataFromQueue                     0x080040a5   Thumb Code    38  queue.o(i.prvCopyDataFromQueue)
    i.prvCopyDataToQueue                     0x080040ca   Section        0  queue.o(i.prvCopyDataToQueue)
    prvCopyDataToQueue                       0x080040cb   Thumb Code   108  queue.o(i.prvCopyDataToQueue)
    i.prvDeleteTCB                           0x08004136   Section        0  tasks.o(i.prvDeleteTCB)
    prvDeleteTCB                             0x08004137   Thumb Code    52  tasks.o(i.prvDeleteTCB)
    i.prvHeapInit                            0x0800416c   Section        0  heap_4.o(i.prvHeapInit)
    prvHeapInit                              0x0800416d   Thumb Code    66  heap_4.o(i.prvHeapInit)
    i.prvIdleTask                            0x080041b8   Section        0  tasks.o(i.prvIdleTask)
    prvIdleTask                              0x080041b9   Thumb Code    82  tasks.o(i.prvIdleTask)
    i.prvInitialiseNewQueue                  0x08004218   Section        0  queue.o(i.prvInitialiseNewQueue)
    prvInitialiseNewQueue                    0x08004219   Thumb Code    34  queue.o(i.prvInitialiseNewQueue)
    i.prvInitialiseNewTask                   0x0800423c   Section        0  tasks.o(i.prvInitialiseNewTask)
    prvInitialiseNewTask                     0x0800423d   Thumb Code   176  tasks.o(i.prvInitialiseNewTask)
    i.prvInsertBlockIntoFreeList             0x080042ec   Section        0  heap_4.o(i.prvInsertBlockIntoFreeList)
    prvInsertBlockIntoFreeList               0x080042ed   Thumb Code    72  heap_4.o(i.prvInsertBlockIntoFreeList)
    i.prvInsertTimerInActiveList             0x08004338   Section        0  timers.o(i.prvInsertTimerInActiveList)
    prvInsertTimerInActiveList               0x08004339   Thumb Code    52  timers.o(i.prvInsertTimerInActiveList)
    i.prvIsQueueEmpty                        0x08004370   Section        0  queue.o(i.prvIsQueueEmpty)
    prvIsQueueEmpty                          0x08004371   Thumb Code    28  queue.o(i.prvIsQueueEmpty)
    i.prvProcessReceivedCommands             0x0800438c   Section        0  timers.o(i.prvProcessReceivedCommands)
    prvProcessReceivedCommands               0x0800438d   Thumb Code   248  timers.o(i.prvProcessReceivedCommands)
    i.prvProcessTimerOrBlockTask             0x08004488   Section        0  timers.o(i.prvProcessTimerOrBlockTask)
    prvProcessTimerOrBlockTask               0x08004489   Thumb Code   182  timers.o(i.prvProcessTimerOrBlockTask)
    i.prvResetNextTaskUnblockTime            0x08004548   Section        0  tasks.o(i.prvResetNextTaskUnblockTime)
    prvResetNextTaskUnblockTime              0x08004549   Thumb Code    26  tasks.o(i.prvResetNextTaskUnblockTime)
    i.prvSampleTimeNow                       0x08004568   Section        0  timers.o(i.prvSampleTimeNow)
    prvSampleTimeNow                         0x08004569   Thumb Code    36  timers.o(i.prvSampleTimeNow)
    i.prvSwitchTimerLists                    0x08004590   Section        0  timers.o(i.prvSwitchTimerLists)
    prvSwitchTimerLists                      0x08004591   Thumb Code   104  timers.o(i.prvSwitchTimerLists)
    i.prvTaskExitError                       0x080045fc   Section        0  port.o(i.prvTaskExitError)
    prvTaskExitError                         0x080045fd   Thumb Code    36  port.o(i.prvTaskExitError)
    i.prvTimerTask                           0x08004624   Section        0  timers.o(i.prvTimerTask)
    prvTimerTask                             0x08004625   Thumb Code    32  timers.o(i.prvTimerTask)
    i.prvUnlockQueue                         0x08004648   Section        0  queue.o(i.prvUnlockQueue)
    prvUnlockQueue                           0x08004649   Thumb Code   106  queue.o(i.prvUnlockQueue)
    i.put_fat                                0x080046b2   Section        0  ff.o(i.put_fat)
    put_fat                                  0x080046b3   Thumb Code   292  ff.o(i.put_fat)
    i.pvPortMalloc                           0x080047d8   Section        0  heap_4.o(i.pvPortMalloc)
    i.pxPortInitialiseStack                  0x080048b4   Section        0  port.o(i.pxPortInitialiseStack)
    i.remove_chain                           0x080048e0   Section        0  ff.o(i.remove_chain)
    remove_chain                             0x080048e1   Thumb Code   116  ff.o(i.remove_chain)
    i.spi_SwapByte                           0x08004954   Section        0  w25qxx.o(i.spi_SwapByte)
    spi_SwapByte                             0x08004955   Thumb Code    28  w25qxx.o(i.spi_SwapByte)
    i.spi_recv_some_bytes                    0x08004974   Section        0  w25qxx.o(i.spi_recv_some_bytes)
    spi_recv_some_bytes                      0x08004975   Thumb Code    26  w25qxx.o(i.spi_recv_some_bytes)
    i.spi_send_some_bytes                    0x0800498e   Section        0  w25qxx.o(i.spi_send_some_bytes)
    spi_send_some_bytes                      0x0800498f   Thumb Code    26  w25qxx.o(i.spi_send_some_bytes)
    i.st_clust                               0x080049a8   Section        0  ff.o(i.st_clust)
    st_clust                                 0x080049a9   Thumb Code    40  ff.o(i.st_clust)
    i.st_dword                               0x080049d0   Section        0  ff.o(i.st_dword)
    st_dword                                 0x080049d1   Thumb Code    16  ff.o(i.st_dword)
    i.st_word                                0x080049e0   Section        0  ff.o(i.st_word)
    st_word                                  0x080049e1   Thumb Code     8  ff.o(i.st_word)
    i.sum_sfn                                0x080049e8   Section        0  ff.o(i.sum_sfn)
    sum_sfn                                  0x080049e9   Thumb Code    26  ff.o(i.sum_sfn)
    i.sync_fs                                0x08004a04   Section        0  ff.o(i.sync_fs)
    sync_fs                                  0x08004a05   Thumb Code   124  ff.o(i.sync_fs)
    i.sync_window                            0x08004a88   Section        0  ff.o(i.sync_window)
    sync_window                              0x08004a89   Thumb Code    70  ff.o(i.sync_window)
    i.uxListRemove                           0x08004ace   Section        0  list.o(i.uxListRemove)
    i.vApplicationGetIdleTaskMemory          0x08004af4   Section        0  cmsis_os2.o(i.vApplicationGetIdleTaskMemory)
    i.vApplicationGetTimerTaskMemory         0x08004b08   Section        0  cmsis_os2.o(i.vApplicationGetTimerTaskMemory)
    i.vListInitialise                        0x08004b20   Section        0  list.o(i.vListInitialise)
    i.vListInitialiseItem                    0x08004b36   Section        0  list.o(i.vListInitialiseItem)
    i.vListInsert                            0x08004b3c   Section        0  list.o(i.vListInsert)
    i.vListInsertEnd                         0x08004b6c   Section        0  list.o(i.vListInsertEnd)
    i.vPortEnterCritical                     0x08004b84   Section        0  port.o(i.vPortEnterCritical)
    i.vPortExitCritical                      0x08004bc4   Section        0  port.o(i.vPortExitCritical)
    i.vPortFree                              0x08004bec   Section        0  heap_4.o(i.vPortFree)
    i.vPortSetupTimerInterrupt               0x08004c50   Section        0  port.o(i.vPortSetupTimerInterrupt)
    i.vPortValidateInterruptPriority         0x08004c74   Section        0  port.o(i.vPortValidateInterruptPriority)
    i.vQueueAddToRegistry                    0x08004cc8   Section        0  queue.o(i.vQueueAddToRegistry)
    i.vQueueWaitForMessageRestricted         0x08004cf0   Section        0  queue.o(i.vQueueWaitForMessageRestricted)
    i.vTaskDelay                             0x08004d34   Section        0  tasks.o(i.vTaskDelay)
    i.vTaskInternalSetTimeOutState           0x08004d80   Section        0  tasks.o(i.vTaskInternalSetTimeOutState)
    i.vTaskMissedYield                       0x08004d90   Section        0  tasks.o(i.vTaskMissedYield)
    i.vTaskPlaceOnEventList                  0x08004d9c   Section        0  tasks.o(i.vTaskPlaceOnEventList)
    i.vTaskPlaceOnEventListRestricted        0x08004dcc   Section        0  tasks.o(i.vTaskPlaceOnEventListRestricted)
    i.vTaskStartScheduler                    0x08004e04   Section        0  tasks.o(i.vTaskStartScheduler)
    i.vTaskSuspendAll                        0x08004e8c   Section        0  tasks.o(i.vTaskSuspendAll)
    i.vTaskSwitchContext                     0x08004e9c   Section        0  tasks.o(i.vTaskSwitchContext)
    i.validate                               0x08004f00   Section        0  ff.o(i.validate)
    validate                                 0x08004f01   Thumb Code    52  ff.o(i.validate)
    i.w25Qxx_Write                           0x08004f34   Section        0  w25qxx.o(i.w25Qxx_Write)
    i.w25Qxx_Write_NoCheck                   0x08004fd4   Section        0  w25qxx.o(i.w25Qxx_Write_NoCheck)
    i.w25qxx_ReadSomeBytes                   0x08005014   Section        0  w25qxx.o(i.w25qxx_ReadSomeBytes)
    i.w25qxx_SectorErase                     0x08005064   Section        0  w25qxx.o(i.w25qxx_SectorErase)
    i.w25qxx_WaitNobusy                      0x080050b4   Section        0  w25qxx.o(i.w25qxx_WaitNobusy)
    w25qxx_WaitNobusy                        0x080050b5   Thumb Code    46  w25qxx.o(i.w25qxx_WaitNobusy)
    i.w25qxx_WriteEnable                     0x080050e8   Section        0  w25qxx.o(i.w25qxx_WriteEnable)
    w25qxx_WriteEnable                       0x080050e9   Thumb Code    36  w25qxx.o(i.w25qxx_WriteEnable)
    i.w25qxx_WritePage                       0x08005110   Section        0  w25qxx.o(i.w25qxx_WritePage)
    i.xPortStartScheduler                    0x08005168   Section        0  port.o(i.xPortStartScheduler)
    i.xPortSysTickHandler                    0x0800525c   Section        0  port.o(i.xPortSysTickHandler)
    i.xQueueGenericCreateStatic              0x08005288   Section        0  queue.o(i.xQueueGenericCreateStatic)
    i.xQueueGenericReset                     0x080052f0   Section        0  queue.o(i.xQueueGenericReset)
    i.xQueueGenericSend                      0x08005378   Section        0  queue.o(i.xQueueGenericSend)
    i.xQueueGenericSendFromISR               0x080054d8   Section        0  queue.o(i.xQueueGenericSendFromISR)
    i.xQueueReceive                          0x08005598   Section        0  queue.o(i.xQueueReceive)
    i.xTaskCheckForTimeOut                   0x080056d0   Section        0  tasks.o(i.xTaskCheckForTimeOut)
    i.xTaskCreate                            0x08005744   Section        0  tasks.o(i.xTaskCreate)
    i.xTaskCreateStatic                      0x0800579e   Section        0  tasks.o(i.xTaskCreateStatic)
    i.xTaskGetSchedulerState                 0x080057f4   Section        0  tasks.o(i.xTaskGetSchedulerState)
    i.xTaskGetTickCount                      0x08005810   Section        0  tasks.o(i.xTaskGetTickCount)
    i.xTaskIncrementTick                     0x0800581c   Section        0  tasks.o(i.xTaskIncrementTick)
    i.xTaskPriorityDisinherit                0x080058e4   Section        0  tasks.o(i.xTaskPriorityDisinherit)
    i.xTaskRemoveFromEventList               0x08005964   Section        0  tasks.o(i.xTaskRemoveFromEventList)
    i.xTaskResumeAll                         0x080059d4   Section        0  tasks.o(i.xTaskResumeAll)
    i.xTimerCreateTimerTask                  0x08005a98   Section        0  timers.o(i.xTimerCreateTimerTask)
    i.xTimerGenericCommand                   0x08005af8   Section        0  timers.o(i.xTimerGenericCommand)
    .constdata                               0x08005b60   Section       16  main.o(.constdata)
    .constdata                               0x08005b70   Section       36  freertos.o(.constdata)
    .constdata                               0x08005b94   Section       16  system_stm32f4xx.o(.constdata)
    .constdata                               0x08005ba4   Section        8  system_stm32f4xx.o(.constdata)
    .constdata                               0x08005bac   Section      188  ff.o(.constdata)
    LfnOfs                                   0x08005bac   Data          13  ff.o(.constdata)
    ExCvt                                    0x08005bb9   Data         128  ff.o(.constdata)
    cst                                      0x08005c3a   Data          14  ff.o(.constdata)
    cst32                                    0x08005c48   Data          14  ff.o(.constdata)
    defopt                                   0x08005c58   Data          16  ff.o(.constdata)
    .constdata                               0x08005c68   Section      942  ffunicode.o(.constdata)
    uc437                                    0x08005c68   Data         256  ffunicode.o(.constdata)
    cvt1                                     0x08005d68   Data         498  ffunicode.o(.constdata)
    cvt2                                     0x08005f5a   Data         188  ffunicode.o(.constdata)
    .conststring                             0x08006018   Section      264  main.o(.conststring)
    .conststring                             0x08006120   Section       12  freertos.o(.conststring)
    .data                                    0x20000000   Section        4  freertos.o(.data)
    .data                                    0x20000004   Section       12  stm32f4xx_hal.o(.data)
    .data                                    0x20000010   Section        4  system_stm32f4xx.o(.data)
    .data                                    0x20000014   Section       60  tasks.o(.data)
    uxDeletedTasksWaitingCleanUp             0x20000018   Data           4  tasks.o(.data)
    uxCurrentNumberOfTasks                   0x2000001c   Data           4  tasks.o(.data)
    xTickCount                               0x20000020   Data           4  tasks.o(.data)
    uxTopReadyPriority                       0x20000024   Data           4  tasks.o(.data)
    xSchedulerRunning                        0x20000028   Data           4  tasks.o(.data)
    xPendedTicks                             0x2000002c   Data           4  tasks.o(.data)
    xYieldPending                            0x20000030   Data           4  tasks.o(.data)
    xNumOfOverflows                          0x20000034   Data           4  tasks.o(.data)
    uxTaskNumber                             0x20000038   Data           4  tasks.o(.data)
    xNextTaskUnblockTime                     0x2000003c   Data           4  tasks.o(.data)
    xIdleTaskHandle                          0x20000040   Data           4  tasks.o(.data)
    uxSchedulerSuspended                     0x20000044   Data           4  tasks.o(.data)
    pxDelayedTaskList                        0x20000048   Data           4  tasks.o(.data)
    pxOverflowDelayedTaskList                0x2000004c   Data           4  tasks.o(.data)
    .data                                    0x20000050   Section       20  timers.o(.data)
    xTimerQueue                              0x20000050   Data           4  timers.o(.data)
    xTimerTaskHandle                         0x20000054   Data           4  timers.o(.data)
    xLastTime                                0x20000058   Data           4  timers.o(.data)
    pxCurrentTimerList                       0x2000005c   Data           4  timers.o(.data)
    pxOverflowTimerList                      0x20000060   Data           4  timers.o(.data)
    .data                                    0x20000064   Section        4  cmsis_os2.o(.data)
    KernelState                              0x20000064   Data           4  cmsis_os2.o(.data)
    .data                                    0x20000068   Section       32  heap_4.o(.data)
    pxEnd                                    0x20000068   Data           4  heap_4.o(.data)
    xFreeBytesRemaining                      0x2000006c   Data           4  heap_4.o(.data)
    xMinimumEverFreeBytesRemaining           0x20000070   Data           4  heap_4.o(.data)
    xNumberOfSuccessfulAllocations           0x20000074   Data           4  heap_4.o(.data)
    xNumberOfSuccessfulFrees                 0x20000078   Data           4  heap_4.o(.data)
    xBlockAllocatedBit                       0x2000007c   Data           4  heap_4.o(.data)
    xStart                                   0x20000080   Data           8  heap_4.o(.data)
    .data                                    0x20000088   Section       12  port.o(.data)
    ucMaxSysCallPriority                     0x20000088   Data           1  port.o(.data)
    uxCriticalNesting                        0x2000008c   Data           4  port.o(.data)
    ulMaxPRIGROUPValue                       0x20000090   Data           4  port.o(.data)
    .data                                    0x20000094   Section        8  ff.o(.data)
    Fsid                                     0x20000094   Data           2  ff.o(.data)
    FatFs                                    0x20000098   Data           4  ff.o(.data)
    .data                                    0x2000009c   Section        4  stdout.o(.data)
    .bss                                     0x200000a0   Section       88  spi.o(.bss)
    .bss                                     0x200000f8   Section       68  usart.o(.bss)
    .bss                                     0x2000013c   Section       72  stm32f4xx_hal_timebase_tim.o(.bss)
    .bss                                     0x20000184   Section       64  queue.o(.bss)
    .bss                                     0x200001c4   Section     1220  tasks.o(.bss)
    pxReadyTasksLists                        0x200001c4   Data        1120  tasks.o(.bss)
    xDelayedTaskList1                        0x20000624   Data          20  tasks.o(.bss)
    xDelayedTaskList2                        0x20000638   Data          20  tasks.o(.bss)
    xPendingReadyList                        0x2000064c   Data          20  tasks.o(.bss)
    xTasksWaitingTermination                 0x20000660   Data          20  tasks.o(.bss)
    xSuspendedTaskList                       0x20000674   Data          20  tasks.o(.bss)
    .bss                                     0x20000688   Section      280  timers.o(.bss)
    xStaticTimerQueue                        0x20000688   Data          80  timers.o(.bss)
    ucStaticTimerQueueStorage                0x200006d8   Data         160  timers.o(.bss)
    xActiveTimerList1                        0x20000778   Data          20  timers.o(.bss)
    xActiveTimerList2                        0x2000078c   Data          20  timers.o(.bss)
    .bss                                     0x200007a0   Section     1720  cmsis_os2.o(.bss)
    Idle_TCB                                 0x200007a0   Data          92  cmsis_os2.o(.bss)
    Idle_Stack                               0x200007fc   Data         512  cmsis_os2.o(.bss)
    Timer_TCB                                0x200009fc   Data          92  cmsis_os2.o(.bss)
    Timer_Stack                              0x20000a58   Data        1024  cmsis_os2.o(.bss)
    .bss                                     0x20000e58   Section    15360  heap_4.o(.bss)
    ucHeap                                   0x20000e58   Data       15360  heap_4.o(.bss)
    STACK                                    0x20004a58   Section     1024  startup_stm32f429xx.o(STACK)

    Global Symbols

    Symbol Name                              Value     Ov Type        Size  Object(Section)

    BuildAttributes$$THM_ISAv4$E$P$D$K$B$S$7EM$VFPi3$EXTD16$VFPS$VFMA$PE$A:L22UL41UL21$X:L11$S22US41US21$IEEE1$IW$USESV6$~STKCKD$USESV7$~SHL$OSPACE$ROPI$EBA8$MICROLIB$REQ8$PRES8$EABIv2 0x00000000   Number         0  anon$$obj.o ABSOLUTE
    __ARM_use_no_argv                        0x00000000   Number         0  main.o ABSOLUTE
    _printf_a                                0x00000000   Number         0  stubs.o ABSOLUTE
    _printf_c                                0x00000000   Number         0  stubs.o ABSOLUTE
    _printf_charcount                        0x00000000   Number         0  stubs.o ABSOLUTE
    _printf_d                                0x00000000   Number         0  stubs.o ABSOLUTE
    _printf_e                                0x00000000   Number         0  stubs.o ABSOLUTE
    _printf_f                                0x00000000   Number         0  stubs.o ABSOLUTE
    _printf_flags                            0x00000000   Number         0  stubs.o ABSOLUTE
    _printf_fp_dec                           0x00000000   Number         0  stubs.o ABSOLUTE
    _printf_fp_hex                           0x00000000   Number         0  stubs.o ABSOLUTE
    _printf_g                                0x00000000   Number         0  stubs.o ABSOLUTE
    _printf_i                                0x00000000   Number         0  stubs.o ABSOLUTE
    _printf_int_dec                          0x00000000   Number         0  stubs.o ABSOLUTE
    _printf_l                                0x00000000   Number         0  stubs.o ABSOLUTE
    _printf_lc                               0x00000000   Number         0  stubs.o ABSOLUTE
    _printf_ll                               0x00000000   Number         0  stubs.o ABSOLUTE
    _printf_lld                              0x00000000   Number         0  stubs.o ABSOLUTE
    _printf_lli                              0x00000000   Number         0  stubs.o ABSOLUTE
    _printf_llo                              0x00000000   Number         0  stubs.o ABSOLUTE
    _printf_llu                              0x00000000   Number         0  stubs.o ABSOLUTE
    _printf_llx                              0x00000000   Number         0  stubs.o ABSOLUTE
    _printf_longlong_dec                     0x00000000   Number         0  stubs.o ABSOLUTE
    _printf_longlong_hex                     0x00000000   Number         0  stubs.o ABSOLUTE
    _printf_longlong_oct                     0x00000000   Number         0  stubs.o ABSOLUTE
    _printf_ls                               0x00000000   Number         0  stubs.o ABSOLUTE
    _printf_mbtowc                           0x00000000   Number         0  stubs.o ABSOLUTE
    _printf_n                                0x00000000   Number         0  stubs.o ABSOLUTE
    _printf_o                                0x00000000   Number         0  stubs.o ABSOLUTE
    _printf_p                                0x00000000   Number         0  stubs.o ABSOLUTE
    _printf_percent                          0x00000000   Number         0  stubs.o ABSOLUTE
    _printf_pre_padding                      0x00000000   Number         0  stubs.o ABSOLUTE
    _printf_return_value                     0x00000000   Number         0  stubs.o ABSOLUTE
    _printf_s                                0x00000000   Number         0  stubs.o ABSOLUTE
    _printf_sizespec                         0x00000000   Number         0  stubs.o ABSOLUTE
    _printf_str                              0x00000000   Number         0  stubs.o ABSOLUTE
    _printf_truncate_signed                  0x00000000   Number         0  stubs.o ABSOLUTE
    _printf_truncate_unsigned                0x00000000   Number         0  stubs.o ABSOLUTE
    _printf_u                                0x00000000   Number         0  stubs.o ABSOLUTE
    _printf_wc                               0x00000000   Number         0  stubs.o ABSOLUTE
    _printf_wctomb                           0x00000000   Number         0  stubs.o ABSOLUTE
    _printf_widthprec                        0x00000000   Number         0  stubs.o ABSOLUTE
    _printf_x                                0x00000000   Number         0  stubs.o ABSOLUTE
    __arm_fini_                               - Undefined Weak Reference
    __cpp_initialize__aeabi_                  - Undefined Weak Reference
    __cxa_finalize                            - Undefined Weak Reference
    __decompress                              - Undefined Weak Reference
    _clock_init                               - Undefined Weak Reference
    _microlib_exit                            - Undefined Weak Reference
    __Vectors_Size                           0x000001ac   Number         0  startup_stm32f429xx.o ABSOLUTE
    __Vectors                                0x08000000   Data           4  startup_stm32f429xx.o(RESET)
    __Vectors_End                            0x080001ac   Data           0  startup_stm32f429xx.o(RESET)
    __main                                   0x080001ad   Thumb Code     0  entry.o(.ARM.Collect$$$$00000000)
    _main_stk                                0x080001ad   Thumb Code     0  entry2.o(.ARM.Collect$$$$00000001)
    _main_scatterload                        0x080001b1   Thumb Code     0  entry5.o(.ARM.Collect$$$$00000004)
    __main_after_scatterload                 0x080001b5   Thumb Code     0  entry5.o(.ARM.Collect$$$$00000004)
    _main_clock                              0x080001b5   Thumb Code     0  entry7b.o(.ARM.Collect$$$$00000008)
    _main_cpp_init                           0x080001b5   Thumb Code     0  entry8b.o(.ARM.Collect$$$$0000000A)
    _main_init                               0x080001b5   Thumb Code     0  entry9a.o(.ARM.Collect$$$$0000000B)
    __rt_lib_shutdown_fini                   0x080001bd   Thumb Code     0  entry12b.o(.ARM.Collect$$$$0000000E)
    __rt_final_cpp                           0x080001c1   Thumb Code     0  entry10a.o(.ARM.Collect$$$$0000000F)
    __rt_final_exit                          0x080001c1   Thumb Code     0  entry11a.o(.ARM.Collect$$$$00000011)
    SVC_Handler                              0x080001c5   Thumb Code    28  port.o(.emb_text)
    __asm___6_port_c_39a90d8d__prvStartFirstTask 0x080001e5   Thumb Code    36  port.o(.emb_text)
    __asm___6_port_c_39a90d8d__prvEnableVFP  0x0800020d   Thumb Code    16  port.o(.emb_text)
    PendSV_Handler                           0x08000221   Thumb Code    88  port.o(.emb_text)
    vPortGetIPSR                             0x0800027d   Thumb Code     6  port.o(.emb_text)
    Reset_Handler                            0x08000285   Thumb Code     8  startup_stm32f429xx.o(.text)
    ADC_IRQHandler                           0x0800029f   Thumb Code     0  startup_stm32f429xx.o(.text)
    CAN1_RX0_IRQHandler                      0x0800029f   Thumb Code     0  startup_stm32f429xx.o(.text)
    CAN1_RX1_IRQHandler                      0x0800029f   Thumb Code     0  startup_stm32f429xx.o(.text)
    CAN1_SCE_IRQHandler                      0x0800029f   Thumb Code     0  startup_stm32f429xx.o(.text)
    CAN1_TX_IRQHandler                       0x0800029f   Thumb Code     0  startup_stm32f429xx.o(.text)
    CAN2_RX0_IRQHandler                      0x0800029f   Thumb Code     0  startup_stm32f429xx.o(.text)
    CAN2_RX1_IRQHandler                      0x0800029f   Thumb Code     0  startup_stm32f429xx.o(.text)
    CAN2_SCE_IRQHandler                      0x0800029f   Thumb Code     0  startup_stm32f429xx.o(.text)
    CAN2_TX_IRQHandler                       0x0800029f   Thumb Code     0  startup_stm32f429xx.o(.text)
    DCMI_IRQHandler                          0x0800029f   Thumb Code     0  startup_stm32f429xx.o(.text)
    DMA1_Stream0_IRQHandler                  0x0800029f   Thumb Code     0  startup_stm32f429xx.o(.text)
    DMA1_Stream1_IRQHandler                  0x0800029f   Thumb Code     0  startup_stm32f429xx.o(.text)
    DMA1_Stream2_IRQHandler                  0x0800029f   Thumb Code     0  startup_stm32f429xx.o(.text)
    DMA1_Stream3_IRQHandler                  0x0800029f   Thumb Code     0  startup_stm32f429xx.o(.text)
    DMA1_Stream4_IRQHandler                  0x0800029f   Thumb Code     0  startup_stm32f429xx.o(.text)
    DMA1_Stream5_IRQHandler                  0x0800029f   Thumb Code     0  startup_stm32f429xx.o(.text)
    DMA1_Stream6_IRQHandler                  0x0800029f   Thumb Code     0  startup_stm32f429xx.o(.text)
    DMA1_Stream7_IRQHandler                  0x0800029f   Thumb Code     0  startup_stm32f429xx.o(.text)
    DMA2D_IRQHandler                         0x0800029f   Thumb Code     0  startup_stm32f429xx.o(.text)
    DMA2_Stream0_IRQHandler                  0x0800029f   Thumb Code     0  startup_stm32f429xx.o(.text)
    DMA2_Stream1_IRQHandler                  0x0800029f   Thumb Code     0  startup_stm32f429xx.o(.text)
    DMA2_Stream2_IRQHandler                  0x0800029f   Thumb Code     0  startup_stm32f429xx.o(.text)
    DMA2_Stream3_IRQHandler                  0x0800029f   Thumb Code     0  startup_stm32f429xx.o(.text)
    DMA2_Stream4_IRQHandler                  0x0800029f   Thumb Code     0  startup_stm32f429xx.o(.text)
    DMA2_Stream5_IRQHandler                  0x0800029f   Thumb Code     0  startup_stm32f429xx.o(.text)
    DMA2_Stream6_IRQHandler                  0x0800029f   Thumb Code     0  startup_stm32f429xx.o(.text)
    DMA2_Stream7_IRQHandler                  0x0800029f   Thumb Code     0  startup_stm32f429xx.o(.text)
    ETH_IRQHandler                           0x0800029f   Thumb Code     0  startup_stm32f429xx.o(.text)
    ETH_WKUP_IRQHandler                      0x0800029f   Thumb Code     0  startup_stm32f429xx.o(.text)
    EXTI0_IRQHandler                         0x0800029f   Thumb Code     0  startup_stm32f429xx.o(.text)
    EXTI15_10_IRQHandler                     0x0800029f   Thumb Code     0  startup_stm32f429xx.o(.text)
    EXTI1_IRQHandler                         0x0800029f   Thumb Code     0  startup_stm32f429xx.o(.text)
    EXTI2_IRQHandler                         0x0800029f   Thumb Code     0  startup_stm32f429xx.o(.text)
    EXTI3_IRQHandler                         0x0800029f   Thumb Code     0  startup_stm32f429xx.o(.text)
    EXTI4_IRQHandler                         0x0800029f   Thumb Code     0  startup_stm32f429xx.o(.text)
    EXTI9_5_IRQHandler                       0x0800029f   Thumb Code     0  startup_stm32f429xx.o(.text)
    FLASH_IRQHandler                         0x0800029f   Thumb Code     0  startup_stm32f429xx.o(.text)
    FMC_IRQHandler                           0x0800029f   Thumb Code     0  startup_stm32f429xx.o(.text)
    FPU_IRQHandler                           0x0800029f   Thumb Code     0  startup_stm32f429xx.o(.text)
    HASH_RNG_IRQHandler                      0x0800029f   Thumb Code     0  startup_stm32f429xx.o(.text)
    I2C1_ER_IRQHandler                       0x0800029f   Thumb Code     0  startup_stm32f429xx.o(.text)
    I2C1_EV_IRQHandler                       0x0800029f   Thumb Code     0  startup_stm32f429xx.o(.text)
    I2C2_ER_IRQHandler                       0x0800029f   Thumb Code     0  startup_stm32f429xx.o(.text)
    I2C2_EV_IRQHandler                       0x0800029f   Thumb Code     0  startup_stm32f429xx.o(.text)
    I2C3_ER_IRQHandler                       0x0800029f   Thumb Code     0  startup_stm32f429xx.o(.text)
    I2C3_EV_IRQHandler                       0x0800029f   Thumb Code     0  startup_stm32f429xx.o(.text)
    LTDC_ER_IRQHandler                       0x0800029f   Thumb Code     0  startup_stm32f429xx.o(.text)
    LTDC_IRQHandler                          0x0800029f   Thumb Code     0  startup_stm32f429xx.o(.text)
    OTG_FS_IRQHandler                        0x0800029f   Thumb Code     0  startup_stm32f429xx.o(.text)
    OTG_FS_WKUP_IRQHandler                   0x0800029f   Thumb Code     0  startup_stm32f429xx.o(.text)
    OTG_HS_EP1_IN_IRQHandler                 0x0800029f   Thumb Code     0  startup_stm32f429xx.o(.text)
    OTG_HS_EP1_OUT_IRQHandler                0x0800029f   Thumb Code     0  startup_stm32f429xx.o(.text)
    OTG_HS_IRQHandler                        0x0800029f   Thumb Code     0  startup_stm32f429xx.o(.text)
    OTG_HS_WKUP_IRQHandler                   0x0800029f   Thumb Code     0  startup_stm32f429xx.o(.text)
    PVD_IRQHandler                           0x0800029f   Thumb Code     0  startup_stm32f429xx.o(.text)
    RCC_IRQHandler                           0x0800029f   Thumb Code     0  startup_stm32f429xx.o(.text)
    RTC_Alarm_IRQHandler                     0x0800029f   Thumb Code     0  startup_stm32f429xx.o(.text)
    RTC_WKUP_IRQHandler                      0x0800029f   Thumb Code     0  startup_stm32f429xx.o(.text)
    SAI1_IRQHandler                          0x0800029f   Thumb Code     0  startup_stm32f429xx.o(.text)
    SDIO_IRQHandler                          0x0800029f   Thumb Code     0  startup_stm32f429xx.o(.text)
    SPI1_IRQHandler                          0x0800029f   Thumb Code     0  startup_stm32f429xx.o(.text)
    SPI2_IRQHandler                          0x0800029f   Thumb Code     0  startup_stm32f429xx.o(.text)
    SPI3_IRQHandler                          0x0800029f   Thumb Code     0  startup_stm32f429xx.o(.text)
    SPI4_IRQHandler                          0x0800029f   Thumb Code     0  startup_stm32f429xx.o(.text)
    SPI5_IRQHandler                          0x0800029f   Thumb Code     0  startup_stm32f429xx.o(.text)
    SPI6_IRQHandler                          0x0800029f   Thumb Code     0  startup_stm32f429xx.o(.text)
    TAMP_STAMP_IRQHandler                    0x0800029f   Thumb Code     0  startup_stm32f429xx.o(.text)
    TIM1_BRK_TIM9_IRQHandler                 0x0800029f   Thumb Code     0  startup_stm32f429xx.o(.text)
    TIM1_CC_IRQHandler                       0x0800029f   Thumb Code     0  startup_stm32f429xx.o(.text)
    TIM1_TRG_COM_TIM11_IRQHandler            0x0800029f   Thumb Code     0  startup_stm32f429xx.o(.text)
    TIM1_UP_TIM10_IRQHandler                 0x0800029f   Thumb Code     0  startup_stm32f429xx.o(.text)
    TIM2_IRQHandler                          0x0800029f   Thumb Code     0  startup_stm32f429xx.o(.text)
    TIM3_IRQHandler                          0x0800029f   Thumb Code     0  startup_stm32f429xx.o(.text)
    TIM4_IRQHandler                          0x0800029f   Thumb Code     0  startup_stm32f429xx.o(.text)
    TIM5_IRQHandler                          0x0800029f   Thumb Code     0  startup_stm32f429xx.o(.text)
    TIM7_IRQHandler                          0x0800029f   Thumb Code     0  startup_stm32f429xx.o(.text)
    TIM8_BRK_TIM12_IRQHandler                0x0800029f   Thumb Code     0  startup_stm32f429xx.o(.text)
    TIM8_CC_IRQHandler                       0x0800029f   Thumb Code     0  startup_stm32f429xx.o(.text)
    TIM8_TRG_COM_TIM14_IRQHandler            0x0800029f   Thumb Code     0  startup_stm32f429xx.o(.text)
    TIM8_UP_TIM13_IRQHandler                 0x0800029f   Thumb Code     0  startup_stm32f429xx.o(.text)
    UART4_IRQHandler                         0x0800029f   Thumb Code     0  startup_stm32f429xx.o(.text)
    UART5_IRQHandler                         0x0800029f   Thumb Code     0  startup_stm32f429xx.o(.text)
    UART7_IRQHandler                         0x0800029f   Thumb Code     0  startup_stm32f429xx.o(.text)
    UART8_IRQHandler                         0x0800029f   Thumb Code     0  startup_stm32f429xx.o(.text)
    USART1_IRQHandler                        0x0800029f   Thumb Code     0  startup_stm32f429xx.o(.text)
    USART2_IRQHandler                        0x0800029f   Thumb Code     0  startup_stm32f429xx.o(.text)
    USART3_IRQHandler                        0x0800029f   Thumb Code     0  startup_stm32f429xx.o(.text)
    USART6_IRQHandler                        0x0800029f   Thumb Code     0  startup_stm32f429xx.o(.text)
    WWDG_IRQHandler                          0x0800029f   Thumb Code     0  startup_stm32f429xx.o(.text)
    __aeabi_uldivmod                         0x080002a9   Thumb Code    98  uldiv.o(.text)
    __aeabi_memcpy                           0x0800030b   Thumb Code    36  memcpya.o(.text)
    __aeabi_memcpy4                          0x0800030b   Thumb Code     0  memcpya.o(.text)
    __aeabi_memcpy8                          0x0800030b   Thumb Code     0  memcpya.o(.text)
    __aeabi_memset                           0x0800032f   Thumb Code    14  memseta.o(.text)
    __aeabi_memset4                          0x0800032f   Thumb Code     0  memseta.o(.text)
    __aeabi_memset8                          0x0800032f   Thumb Code     0  memseta.o(.text)
    __aeabi_memclr                           0x0800033d   Thumb Code     4  memseta.o(.text)
    __aeabi_memclr4                          0x0800033d   Thumb Code     0  memseta.o(.text)
    __aeabi_memclr8                          0x0800033d   Thumb Code     0  memseta.o(.text)
    memset                                   0x08000341   Thumb Code    18  memseta.o(.text)
    strchr                                   0x08000353   Thumb Code    20  strchr.o(.text)
    memcmp                                   0x08000367   Thumb Code    26  memcmp.o(.text)
    __aeabi_uidiv                            0x08000381   Thumb Code     0  uidiv.o(.text)
    __aeabi_uidivmod                         0x08000381   Thumb Code    44  uidiv.o(.text)
    __aeabi_llsl                             0x080003ad   Thumb Code    30  llshl.o(.text)
    _ll_shift_l                              0x080003ad   Thumb Code     0  llshl.o(.text)
    __aeabi_llsr                             0x080003cb   Thumb Code    32  llushr.o(.text)
    _ll_ushift_r                             0x080003cb   Thumb Code     0  llushr.o(.text)
    __scatterload                            0x080003ed   Thumb Code    28  init.o(.text)
    __scatterload_rt2                        0x080003ed   Thumb Code     0  init.o(.text)
    BusFault_Handler                         0x08000411   Thumb Code     2  stm32f4xx_it.o(i.BusFault_Handler)
    DebugMon_Handler                         0x08000413   Thumb Code     2  stm32f4xx_it.o(i.DebugMon_Handler)
    Error_Handler                            0x08000415   Thumb Code     4  main.o(i.Error_Handler)
    HAL_GPIO_Init                            0x08000419   Thumb Code   510  stm32f4xx_hal_gpio.o(i.HAL_GPIO_Init)
    HAL_GPIO_WritePin                        0x0800064d   Thumb Code    10  stm32f4xx_hal_gpio.o(i.HAL_GPIO_WritePin)
    HAL_GetTick                              0x08000659   Thumb Code     6  stm32f4xx_hal.o(i.HAL_GetTick)
    HAL_IncTick                              0x08000665   Thumb Code    12  stm32f4xx_hal.o(i.HAL_IncTick)
    HAL_Init                                 0x08000675   Thumb Code    48  stm32f4xx_hal.o(i.HAL_Init)
    HAL_InitTick                             0x080006a9   Thumb Code   132  stm32f4xx_hal_timebase_tim.o(i.HAL_InitTick)
    HAL_MspInit                              0x08000741   Thumb Code    52  stm32f4xx_hal_msp.o(i.HAL_MspInit)
    HAL_NVIC_EnableIRQ                       0x08000779   Thumb Code    26  stm32f4xx_hal_cortex.o(i.HAL_NVIC_EnableIRQ)
    HAL_NVIC_SetPriority                     0x08000795   Thumb Code    60  stm32f4xx_hal_cortex.o(i.HAL_NVIC_SetPriority)
    HAL_NVIC_SetPriorityGrouping             0x080007d5   Thumb Code    26  stm32f4xx_hal_cortex.o(i.HAL_NVIC_SetPriorityGrouping)
    HAL_PWREx_EnableOverDrive                0x080007f9   Thumb Code    98  stm32f4xx_hal_pwr_ex.o(i.HAL_PWREx_EnableOverDrive)
    HAL_RCC_ClockConfig                      0x08000869   Thumb Code   288  stm32f4xx_hal_rcc.o(i.HAL_RCC_ClockConfig)
    HAL_RCC_GetClockConfig                   0x0800099d   Thumb Code    54  stm32f4xx_hal_rcc.o(i.HAL_RCC_GetClockConfig)
    HAL_RCC_GetPCLK1Freq                     0x080009dd   Thumb Code    20  stm32f4xx_hal_rcc.o(i.HAL_RCC_GetPCLK1Freq)
    HAL_RCC_GetPCLK2Freq                     0x080009fd   Thumb Code    20  stm32f4xx_hal_rcc.o(i.HAL_RCC_GetPCLK2Freq)
    HAL_RCC_GetSysClockFreq                  0x08000a1d   Thumb Code    88  stm32f4xx_hal_rcc.o(i.HAL_RCC_GetSysClockFreq)
    HAL_RCC_OscConfig                        0x08000a81   Thumb Code   856  stm32f4xx_hal_rcc.o(i.HAL_RCC_OscConfig)
    HAL_SPI_Init                             0x08000ded   Thumb Code   188  stm32f4xx_hal_spi.o(i.HAL_SPI_Init)
    HAL_SPI_MspInit                          0x08000ea9   Thumb Code    94  spi.o(i.HAL_SPI_MspInit)
    HAL_SPI_TransmitReceive                  0x08000f15   Thumb Code   482  stm32f4xx_hal_spi.o(i.HAL_SPI_TransmitReceive)
    HAL_TIMEx_BreakCallback                  0x080010f7   Thumb Code     2  stm32f4xx_hal_tim_ex.o(i.HAL_TIMEx_BreakCallback)
    HAL_TIMEx_CommutCallback                 0x080010f9   Thumb Code     2  stm32f4xx_hal_tim_ex.o(i.HAL_TIMEx_CommutCallback)
    HAL_TIM_Base_Init                        0x080010fb   Thumb Code    90  stm32f4xx_hal_tim.o(i.HAL_TIM_Base_Init)
    HAL_TIM_Base_MspInit                     0x08001155   Thumb Code     2  stm32f4xx_hal_tim.o(i.HAL_TIM_Base_MspInit)
    HAL_TIM_Base_Start_IT                    0x08001159   Thumb Code   100  stm32f4xx_hal_tim.o(i.HAL_TIM_Base_Start_IT)
    HAL_TIM_IC_CaptureCallback               0x080011d9   Thumb Code     2  stm32f4xx_hal_tim.o(i.HAL_TIM_IC_CaptureCallback)
    HAL_TIM_IRQHandler                       0x080011db   Thumb Code   358  stm32f4xx_hal_tim.o(i.HAL_TIM_IRQHandler)
    HAL_TIM_OC_DelayElapsedCallback          0x08001341   Thumb Code     2  stm32f4xx_hal_tim.o(i.HAL_TIM_OC_DelayElapsedCallback)
    HAL_TIM_PWM_PulseFinishedCallback        0x08001343   Thumb Code     2  stm32f4xx_hal_tim.o(i.HAL_TIM_PWM_PulseFinishedCallback)
    HAL_TIM_PeriodElapsedCallback            0x08001345   Thumb Code    14  main.o(i.HAL_TIM_PeriodElapsedCallback)
    HAL_TIM_TriggerCallback                  0x08001359   Thumb Code     2  stm32f4xx_hal_tim.o(i.HAL_TIM_TriggerCallback)
    HAL_UART_Init                            0x0800135b   Thumb Code    98  stm32f4xx_hal_uart.o(i.HAL_UART_Init)
    HAL_UART_MspInit                         0x080013bd   Thumb Code    94  usart.o(i.HAL_UART_MspInit)
    HAL_UART_Transmit                        0x08001429   Thumb Code   178  stm32f4xx_hal_uart.o(i.HAL_UART_Transmit)
    HardFault_Handler                        0x080014db   Thumb Code     2  stm32f4xx_it.o(i.HardFault_Handler)
    MX_FREERTOS_Init                         0x080014dd   Thumb Code    18  freertos.o(i.MX_FREERTOS_Init)
    MX_GPIO_Init                             0x080014fd   Thumb Code   118  gpio.o(i.MX_GPIO_Init)
    MX_SPI5_Init                             0x0800157d   Thumb Code    60  spi.o(i.MX_SPI5_Init)
    MX_USART1_UART_Init                      0x080015c1   Thumb Code    48  usart.o(i.MX_USART1_UART_Init)
    MemManage_Handler                        0x080015f9   Thumb Code     2  stm32f4xx_it.o(i.MemManage_Handler)
    NMI_Handler                              0x080015fb   Thumb Code     2  stm32f4xx_it.o(i.NMI_Handler)
    StartDefaultTask                         0x0800170d   Thumb Code     8  freertos.o(i.StartDefaultTask)
    SysTick_Handler                          0x08001715   Thumb Code    26  cmsis_os2.o(i.SysTick_Handler)
    SystemClock_Config                       0x08001731   Thumb Code   148  main.o(i.SystemClock_Config)
    SystemInit                               0x080017cd   Thumb Code    12  system_stm32f4xx.o(i.SystemInit)
    TIM6_DAC_IRQHandler                      0x080017dd   Thumb Code     6  stm32f4xx_it.o(i.TIM6_DAC_IRQHandler)
    TIM_Base_SetConfig                       0x080017e9   Thumb Code   156  stm32f4xx_hal_tim.o(i.TIM_Base_SetConfig)
    UsageFault_Handler                       0x08001a35   Thumb Code     2  stm32f4xx_it.o(i.UsageFault_Handler)
    __0printf$3                              0x08001a39   Thumb Code    22  printf3.o(i.__0printf$3)
    __1printf$3                              0x08001a39   Thumb Code     0  printf3.o(i.__0printf$3)
    __2printf                                0x08001a39   Thumb Code     0  printf3.o(i.__0printf$3)
    __scatterload_copy                       0x08001a79   Thumb Code    14  handlers.o(i.__scatterload_copy)
    __scatterload_null                       0x08001a87   Thumb Code     2  handlers.o(i.__scatterload_null)
    __scatterload_zeroinit                   0x08001a89   Thumb Code    14  handlers.o(i.__scatterload_zeroinit)
    disk_initialize                          0x0800266f   Thumb Code     4  diskio.o(i.disk_initialize)
    disk_ioctl                               0x08002673   Thumb Code    42  diskio.o(i.disk_ioctl)
    disk_read                                0x0800269d   Thumb Code    32  diskio.o(i.disk_read)
    disk_status                              0x080026bd   Thumb Code     4  diskio.o(i.disk_status)
    disk_write                               0x080026c1   Thumb Code    26  diskio.o(i.disk_write)
    f_close                                  0x080026db   Thumb Code    30  ff.o(i.f_close)
    f_mkfs                                   0x080026f9   Thumb Code  1450  ff.o(i.f_mkfs)
    f_mount                                  0x08002cad   Thumb Code    72  ff.o(i.f_mount)
    f_open                                   0x08002cf9   Thumb Code   452  ff.o(i.f_open)
    f_read                                   0x08002ec1   Thumb Code   364  ff.o(i.f_read)
    f_sync                                   0x0800302d   Thumb Code   138  ff.o(i.f_sync)
    f_write                                  0x080030bd   Thumb Code   418  ff.o(i.f_write)
    ff_oem2uni                               0x08003261   Thumb Code    42  ffunicode.o(i.ff_oem2uni)
    ff_uni2oem                               0x08003291   Thumb Code    54  ffunicode.o(i.ff_uni2oem)
    ff_wtoupper                              0x080032cd   Thumb Code   128  ffunicode.o(i.ff_wtoupper)
    fputc                                    0x080033d1   Thumb Code    20  usart.o(i.fputc)
    main                                     0x080035ed   Thumb Code   396  main.o(i.main)
    osDelay                                  0x08003e1f   Thumb Code    26  cmsis_os2.o(i.osDelay)
    osKernelInitialize                       0x08003e39   Thumb Code    32  cmsis_os2.o(i.osKernelInitialize)
    osKernelStart                            0x08003e5d   Thumb Code    48  cmsis_os2.o(i.osKernelStart)
    osThreadNew                              0x08003e95   Thumb Code   138  cmsis_os2.o(i.osThreadNew)
    pvPortMalloc                             0x080047d9   Thumb Code   216  heap_4.o(i.pvPortMalloc)
    pxPortInitialiseStack                    0x080048b5   Thumb Code    40  port.o(i.pxPortInitialiseStack)
    uxListRemove                             0x08004acf   Thumb Code    38  list.o(i.uxListRemove)
    vApplicationGetIdleTaskMemory            0x08004af5   Thumb Code    16  cmsis_os2.o(i.vApplicationGetIdleTaskMemory)
    vApplicationGetTimerTaskMemory           0x08004b09   Thumb Code    18  cmsis_os2.o(i.vApplicationGetTimerTaskMemory)
    vListInitialise                          0x08004b21   Thumb Code    22  list.o(i.vListInitialise)
    vListInitialiseItem                      0x08004b37   Thumb Code     6  list.o(i.vListInitialiseItem)
    vListInsert                              0x08004b3d   Thumb Code    48  list.o(i.vListInsert)
    vListInsertEnd                           0x08004b6d   Thumb Code    24  list.o(i.vListInsertEnd)
    vPortEnterCritical                       0x08004b85   Thumb Code    54  port.o(i.vPortEnterCritical)
    vPortExitCritical                        0x08004bc5   Thumb Code    34  port.o(i.vPortExitCritical)
    vPortFree                                0x08004bed   Thumb Code    94  heap_4.o(i.vPortFree)
    vPortSetupTimerInterrupt                 0x08004c51   Thumb Code    32  port.o(i.vPortSetupTimerInterrupt)
    vPortValidateInterruptPriority           0x08004c75   Thumb Code    74  port.o(i.vPortValidateInterruptPriority)
    vQueueAddToRegistry                      0x08004cc9   Thumb Code    34  queue.o(i.vQueueAddToRegistry)
    vQueueWaitForMessageRestricted           0x08004cf1   Thumb Code    68  queue.o(i.vQueueWaitForMessageRestricted)
    vTaskDelay                               0x08004d35   Thumb Code    66  tasks.o(i.vTaskDelay)
    vTaskInternalSetTimeOutState             0x08004d81   Thumb Code    12  tasks.o(i.vTaskInternalSetTimeOutState)
    vTaskMissedYield                         0x08004d91   Thumb Code     8  tasks.o(i.vTaskMissedYield)
    vTaskPlaceOnEventList                    0x08004d9d   Thumb Code    44  tasks.o(i.vTaskPlaceOnEventList)
    vTaskPlaceOnEventListRestricted          0x08004dcd   Thumb Code    52  tasks.o(i.vTaskPlaceOnEventListRestricted)
    vTaskStartScheduler                      0x08004e05   Thumb Code   118  tasks.o(i.vTaskStartScheduler)
    vTaskSuspendAll                          0x08004e8d   Thumb Code    10  tasks.o(i.vTaskSuspendAll)
    vTaskSwitchContext                       0x08004e9d   Thumb Code    90  tasks.o(i.vTaskSwitchContext)
    w25Qxx_Write                             0x08004f35   Thumb Code   160  w25qxx.o(i.w25Qxx_Write)
    w25Qxx_Write_NoCheck                     0x08004fd5   Thumb Code    62  w25qxx.o(i.w25Qxx_Write_NoCheck)
    w25qxx_ReadSomeBytes                     0x08005015   Thumb Code    74  w25qxx.o(i.w25qxx_ReadSomeBytes)
    w25qxx_SectorErase                       0x08005065   Thumb Code    76  w25qxx.o(i.w25qxx_SectorErase)
    w25qxx_WritePage                         0x08005111   Thumb Code    82  w25qxx.o(i.w25qxx_WritePage)
    xPortStartScheduler                      0x08005169   Thumb Code   222  port.o(i.xPortStartScheduler)
    xPortSysTickHandler                      0x0800525d   Thumb Code    38  port.o(i.xPortSysTickHandler)
    xQueueGenericCreateStatic                0x08005289   Thumb Code   102  queue.o(i.xQueueGenericCreateStatic)
    xQueueGenericReset                       0x080052f1   Thumb Code   132  queue.o(i.xQueueGenericReset)
    xQueueGenericSend                        0x08005379   Thumb Code   346  queue.o(i.xQueueGenericSend)
    xQueueGenericSendFromISR                 0x080054d9   Thumb Code   190  queue.o(i.xQueueGenericSendFromISR)
    xQueueReceive                            0x08005599   Thumb Code   308  queue.o(i.xQueueReceive)
    xTaskCheckForTimeOut                     0x080056d1   Thumb Code   112  tasks.o(i.xTaskCheckForTimeOut)
    xTaskCreate                              0x08005745   Thumb Code    90  tasks.o(i.xTaskCreate)
    xTaskCreateStatic                        0x0800579f   Thumb Code    86  tasks.o(i.xTaskCreateStatic)
    xTaskGetSchedulerState                   0x080057f5   Thumb Code    22  tasks.o(i.xTaskGetSchedulerState)
    xTaskGetTickCount                        0x08005811   Thumb Code     6  tasks.o(i.xTaskGetTickCount)
    xTaskIncrementTick                       0x0800581d   Thumb Code   192  tasks.o(i.xTaskIncrementTick)
    xTaskPriorityDisinherit                  0x080058e5   Thumb Code   118  tasks.o(i.xTaskPriorityDisinherit)
    xTaskRemoveFromEventList                 0x08005965   Thumb Code    98  tasks.o(i.xTaskRemoveFromEventList)
    xTaskResumeAll                           0x080059d5   Thumb Code   182  tasks.o(i.xTaskResumeAll)
    xTimerCreateTimerTask                    0x08005a99   Thumb Code    78  timers.o(i.xTimerCreateTimerTask)
    xTimerGenericCommand                     0x08005af9   Thumb Code    98  timers.o(i.xTimerGenericCommand)
    defaultTask_attributes                   0x08005b70   Data          36  freertos.o(.constdata)
    AHBPrescTable                            0x08005b94   Data          16  system_stm32f4xx.o(.constdata)
    APBPrescTable                            0x08005ba4   Data           8  system_stm32f4xx.o(.constdata)
    Region$$Table$$Base                      0x0800612c   Number         0  anon$$obj.o(Region$$Table)
    Region$$Table$$Limit                     0x0800614c   Number         0  anon$$obj.o(Region$$Table)
    defaultTaskHandle                        0x20000000   Data           4  freertos.o(.data)
    uwTickFreq                               0x20000004   Data           1  stm32f4xx_hal.o(.data)
    uwTickPrio                               0x20000008   Data           4  stm32f4xx_hal.o(.data)
    uwTick                                   0x2000000c   Data           4  stm32f4xx_hal.o(.data)
    SystemCoreClock                          0x20000010   Data           4  system_stm32f4xx.o(.data)
    pxCurrentTCB                             0x20000014   Data           4  tasks.o(.data)
    __stdout                                 0x2000009c   Data           4  stdout.o(.data)
    hspi5                                    0x200000a0   Data          88  spi.o(.bss)
    huart1                                   0x200000f8   Data          68  usart.o(.bss)
    htim6                                    0x2000013c   Data          72  stm32f4xx_hal_timebase_tim.o(.bss)
    xQueueRegistry                           0x20000184   Data          64  queue.o(.bss)
    __initial_sp                             0x20004e58   Data           0  startup_stm32f429xx.o(STACK)



==============================================================================

Memory Map of the image

  Image Entry point : 0x080001ad

  Load Region LR_IROM1 (Base: 0x08000000, Size: 0x000061ec, Max: 0x00100000, ABSOLUTE)

    Execution Region ER_IROM1 (Exec base: 0x08000000, Load base: 0x08000000, Size: 0x0000614c, Max: 0x00100000, ABSOLUTE)

    Exec Addr    Load Addr    Size         Type   Attr      Idx    E Section Name        Object

    0x08000000   0x08000000   0x000001ac   Data   RO            3    RESET               startup_stm32f429xx.o
    0x080001ac   0x080001ac   0x00000000   Code   RO         5670  * .ARM.Collect$$$$00000000  mc_w.l(entry.o)
    0x080001ac   0x080001ac   0x00000004   Code   RO         5966    .ARM.Collect$$$$00000001  mc_w.l(entry2.o)
    0x080001b0   0x080001b0   0x00000004   Code   RO         5969    .ARM.Collect$$$$00000004  mc_w.l(entry5.o)
    0x080001b4   0x080001b4   0x00000000   Code   RO         5971    .ARM.Collect$$$$00000008  mc_w.l(entry7b.o)
    0x080001b4   0x080001b4   0x00000000   Code   RO         5973    .ARM.Collect$$$$0000000A  mc_w.l(entry8b.o)
    0x080001b4   0x080001b4   0x00000008   Code   RO         5974    .ARM.Collect$$$$0000000B  mc_w.l(entry9a.o)
    0x080001bc   0x080001bc   0x00000004   Code   RO         5981    .ARM.Collect$$$$0000000E  mc_w.l(entry12b.o)
    0x080001c0   0x080001c0   0x00000000   Code   RO         5976    .ARM.Collect$$$$0000000F  mc_w.l(entry10a.o)
    0x080001c0   0x080001c0   0x00000000   Code   RO         5978    .ARM.Collect$$$$00000011  mc_w.l(entry11a.o)
    0x080001c0   0x080001c0   0x00000004   Code   RO         5967    .ARM.Collect$$$$00002712  mc_w.l(entry2.o)
    0x080001c4   0x080001c4   0x000000be   Code   RO         5083    .emb_text           port.o
    0x08000282   0x08000282   0x00000002   PAD
    0x08000284   0x08000284   0x00000024   Code   RO            4    .text               startup_stm32f429xx.o
    0x080002a8   0x080002a8   0x00000062   Code   RO         5673    .text               mc_w.l(uldiv.o)
    0x0800030a   0x0800030a   0x00000024   Code   RO         5675    .text               mc_w.l(memcpya.o)
    0x0800032e   0x0800032e   0x00000024   Code   RO         5679    .text               mc_w.l(memseta.o)
    0x08000352   0x08000352   0x00000014   Code   RO         5681    .text               mc_w.l(strchr.o)
    0x08000366   0x08000366   0x0000001a   Code   RO         5685    .text               mc_w.l(memcmp.o)
    0x08000380   0x08000380   0x0000002c   Code   RO         5983    .text               mc_w.l(uidiv.o)
    0x080003ac   0x080003ac   0x0000001e   Code   RO         5985    .text               mc_w.l(llshl.o)
    0x080003ca   0x080003ca   0x00000020   Code   RO         5987    .text               mc_w.l(llushr.o)
    0x080003ea   0x080003ea   0x00000002   PAD
    0x080003ec   0x080003ec   0x00000024   Code   RO         5996    .text               mc_w.l(init.o)
    0x08000410   0x08000410   0x00000002   Code   RO          374    i.BusFault_Handler  stm32f4xx_it.o
    0x08000412   0x08000412   0x00000002   Code   RO          375    i.DebugMon_Handler  stm32f4xx_it.o
    0x08000414   0x08000414   0x00000004   Code   RO           13    i.Error_Handler     main.o
    0x08000418   0x08000418   0x00000234   Code   RO          908    i.HAL_GPIO_Init     stm32f4xx_hal_gpio.o
    0x0800064c   0x0800064c   0x0000000a   Code   RO          912    i.HAL_GPIO_WritePin  stm32f4xx_hal_gpio.o
    0x08000656   0x08000656   0x00000002   PAD
    0x08000658   0x08000658   0x0000000c   Code   RO         1460    i.HAL_GetTick       stm32f4xx_hal.o
    0x08000664   0x08000664   0x00000010   Code   RO         1466    i.HAL_IncTick       stm32f4xx_hal.o
    0x08000674   0x08000674   0x00000034   Code   RO         1467    i.HAL_Init          stm32f4xx_hal.o
    0x080006a8   0x080006a8   0x00000098   Code   RO          462    i.HAL_InitTick      stm32f4xx_hal_timebase_tim.o
    0x08000740   0x08000740   0x00000038   Code   RO          438    i.HAL_MspInit       stm32f4xx_hal_msp.o
    0x08000778   0x08000778   0x0000001a   Code   RO         1315    i.HAL_NVIC_EnableIRQ  stm32f4xx_hal_cortex.o
    0x08000792   0x08000792   0x00000002   PAD
    0x08000794   0x08000794   0x00000040   Code   RO         1321    i.HAL_NVIC_SetPriority  stm32f4xx_hal_cortex.o
    0x080007d4   0x080007d4   0x00000024   Code   RO         1322    i.HAL_NVIC_SetPriorityGrouping  stm32f4xx_hal_cortex.o
    0x080007f8   0x080007f8   0x00000070   Code   RO         1244    i.HAL_PWREx_EnableOverDrive  stm32f4xx_hal_pwr_ex.o
    0x08000868   0x08000868   0x00000134   Code   RO          502    i.HAL_RCC_ClockConfig  stm32f4xx_hal_rcc.o
    0x0800099c   0x0800099c   0x00000040   Code   RO          506    i.HAL_RCC_GetClockConfig  stm32f4xx_hal_rcc.o
    0x080009dc   0x080009dc   0x00000020   Code   RO          509    i.HAL_RCC_GetPCLK1Freq  stm32f4xx_hal_rcc.o
    0x080009fc   0x080009fc   0x00000020   Code   RO          510    i.HAL_RCC_GetPCLK2Freq  stm32f4xx_hal_rcc.o
    0x08000a1c   0x08000a1c   0x00000064   Code   RO          511    i.HAL_RCC_GetSysClockFreq  stm32f4xx_hal_rcc.o
    0x08000a80   0x08000a80   0x0000036c   Code   RO          514    i.HAL_RCC_OscConfig  stm32f4xx_hal_rcc.o
    0x08000dec   0x08000dec   0x000000bc   Code   RO         1726    i.HAL_SPI_Init      stm32f4xx_hal_spi.o
    0x08000ea8   0x08000ea8   0x0000006c   Code   RO          285    i.HAL_SPI_MspInit   spi.o
    0x08000f14   0x08000f14   0x000001e2   Code   RO         1735    i.HAL_SPI_TransmitReceive  stm32f4xx_hal_spi.o
    0x080010f6   0x080010f6   0x00000002   Code   RO         2743    i.HAL_TIMEx_BreakCallback  stm32f4xx_hal_tim_ex.o
    0x080010f8   0x080010f8   0x00000002   Code   RO         2744    i.HAL_TIMEx_CommutCallback  stm32f4xx_hal_tim_ex.o
    0x080010fa   0x080010fa   0x0000005a   Code   RO         2039    i.HAL_TIM_Base_Init  stm32f4xx_hal_tim.o
    0x08001154   0x08001154   0x00000002   Code   RO         2041    i.HAL_TIM_Base_MspInit  stm32f4xx_hal_tim.o
    0x08001156   0x08001156   0x00000002   PAD
    0x08001158   0x08001158   0x00000080   Code   RO         2044    i.HAL_TIM_Base_Start_IT  stm32f4xx_hal_tim.o
    0x080011d8   0x080011d8   0x00000002   Code   RO         2073    i.HAL_TIM_IC_CaptureCallback  stm32f4xx_hal_tim.o
    0x080011da   0x080011da   0x00000166   Code   RO         2087    i.HAL_TIM_IRQHandler  stm32f4xx_hal_tim.o
    0x08001340   0x08001340   0x00000002   Code   RO         2090    i.HAL_TIM_OC_DelayElapsedCallback  stm32f4xx_hal_tim.o
    0x08001342   0x08001342   0x00000002   Code   RO         2117    i.HAL_TIM_PWM_PulseFinishedCallback  stm32f4xx_hal_tim.o
    0x08001344   0x08001344   0x00000014   Code   RO           14    i.HAL_TIM_PeriodElapsedCallback  main.o
    0x08001358   0x08001358   0x00000002   Code   RO         2130    i.HAL_TIM_TriggerCallback  stm32f4xx_hal_tim.o
    0x0800135a   0x0800135a   0x00000062   Code   RO         3039    i.HAL_UART_Init     stm32f4xx_hal_uart.o
    0x080013bc   0x080013bc   0x0000006c   Code   RO          327    i.HAL_UART_MspInit  usart.o
    0x08001428   0x08001428   0x000000b2   Code   RO         3047    i.HAL_UART_Transmit  stm32f4xx_hal_uart.o
    0x080014da   0x080014da   0x00000002   Code   RO          376    i.HardFault_Handler  stm32f4xx_it.o
    0x080014dc   0x080014dc   0x00000020   Code   RO          241    i.MX_FREERTOS_Init  freertos.o
    0x080014fc   0x080014fc   0x00000080   Code   RO          217    i.MX_GPIO_Init      gpio.o
    0x0800157c   0x0800157c   0x00000044   Code   RO          286    i.MX_SPI5_Init      spi.o
    0x080015c0   0x080015c0   0x00000038   Code   RO          328    i.MX_USART1_UART_Init  usart.o
    0x080015f8   0x080015f8   0x00000002   Code   RO          377    i.MemManage_Handler  stm32f4xx_it.o
    0x080015fa   0x080015fa   0x00000002   Code   RO          378    i.NMI_Handler       stm32f4xx_it.o
    0x080015fc   0x080015fc   0x00000058   Code   RO         1764    i.SPI_EndRxTxTransaction  stm32f4xx_hal_spi.o
    0x08001654   0x08001654   0x000000b8   Code   RO         1769    i.SPI_WaitFlagStateUntilTimeout  stm32f4xx_hal_spi.o
    0x0800170c   0x0800170c   0x00000008   Code   RO          242    i.StartDefaultTask  freertos.o
    0x08001714   0x08001714   0x0000001a   Code   RO         4515    i.SysTick_Handler   cmsis_os2.o
    0x0800172e   0x0800172e   0x00000002   PAD
    0x08001730   0x08001730   0x0000009c   Code   RO           15    i.SystemClock_Config  main.o
    0x080017cc   0x080017cc   0x00000010   Code   RO         3368    i.SystemInit        system_stm32f4xx.o
    0x080017dc   0x080017dc   0x0000000c   Code   RO          379    i.TIM6_DAC_IRQHandler  stm32f4xx_it.o
    0x080017e8   0x080017e8   0x000000c8   Code   RO         2132    i.TIM_Base_SetConfig  stm32f4xx_hal_tim.o
    0x080018b0   0x080018b0   0x0000010c   Code   RO         3065    i.UART_SetConfig    stm32f4xx_hal_uart.o
    0x080019bc   0x080019bc   0x00000078   Code   RO         3068    i.UART_WaitOnFlagUntilTimeout  stm32f4xx_hal_uart.o
    0x08001a34   0x08001a34   0x00000002   Code   RO          380    i.UsageFault_Handler  stm32f4xx_it.o
    0x08001a36   0x08001a36   0x00000002   PAD
    0x08001a38   0x08001a38   0x00000020   Code   RO         5778    i.__0printf$3       mc_w.l(printf3.o)
    0x08001a58   0x08001a58   0x00000020   Code   RO         1328    i.__NVIC_SetPriority  stm32f4xx_hal_cortex.o
    0x08001a78   0x08001a78   0x0000000e   Code   RO         6000    i.__scatterload_copy  mc_w.l(handlers.o)
    0x08001a86   0x08001a86   0x00000002   Code   RO         6001    i.__scatterload_null  mc_w.l(handlers.o)
    0x08001a88   0x08001a88   0x0000000e   Code   RO         6002    i.__scatterload_zeroinit  mc_w.l(handlers.o)
    0x08001a96   0x08001a96   0x00000002   PAD
    0x08001a98   0x08001a98   0x000001b8   Code   RO         5785    i._printf_core      mc_w.l(printf3.o)
    0x08001c50   0x08001c50   0x000000d0   Code   RO         5296    i.check_fs          ff.o
    0x08001d20   0x08001d20   0x00000018   Code   RO         5297    i.clst2sect         ff.o
    0x08001d38   0x08001d38   0x00000080   Code   RO         5298    i.cmp_lfn           ff.o
    0x08001db8   0x08001db8   0x000000da   Code   RO         5299    i.create_chain      ff.o
    0x08001e92   0x08001e92   0x00000002   PAD
    0x08001e94   0x08001e94   0x0000024c   Code   RO         5300    i.create_name       ff.o
    0x080020e0   0x080020e0   0x00000138   Code   RO         5301    i.create_partition  ff.o
    0x08002218   0x08002218   0x00000008   Code   RO         5302    i.dbc_1st           ff.o
    0x08002220   0x08002220   0x00000058   Code   RO         5303    i.dir_clear         ff.o
    0x08002278   0x08002278   0x000000be   Code   RO         5304    i.dir_find          ff.o
    0x08002336   0x08002336   0x000000bc   Code   RO         5305    i.dir_next          ff.o
    0x080023f2   0x080023f2   0x00000002   PAD
    0x080023f4   0x080023f4   0x000001ec   Code   RO         5307    i.dir_register      ff.o
    0x080025e0   0x080025e0   0x0000008e   Code   RO         5309    i.dir_sdi           ff.o
    0x0800266e   0x0800266e   0x00000004   Code   RO         5248    i.disk_initialize   diskio.o
    0x08002672   0x08002672   0x0000002a   Code   RO         5249    i.disk_ioctl        diskio.o
    0x0800269c   0x0800269c   0x00000020   Code   RO         5250    i.disk_read         diskio.o
    0x080026bc   0x080026bc   0x00000004   Code   RO         5251    i.disk_status       diskio.o
    0x080026c0   0x080026c0   0x0000001a   Code   RO         5252    i.disk_write        diskio.o
    0x080026da   0x080026da   0x0000001e   Code   RO         5310    i.f_close           ff.o
    0x080026f8   0x080026f8   0x000005b4   Code   RO         5316    i.f_mkfs            ff.o
    0x08002cac   0x08002cac   0x0000004c   Code   RO         5317    i.f_mount           ff.o
    0x08002cf8   0x08002cf8   0x000001c8   Code   RO         5318    i.f_open            ff.o
    0x08002ec0   0x08002ec0   0x0000016c   Code   RO         5323    i.f_read            ff.o
    0x0800302c   0x0800302c   0x00000090   Code   RO         5327    i.f_sync            ff.o
    0x080030bc   0x080030bc   0x000001a2   Code   RO         5330    i.f_write           ff.o
    0x0800325e   0x0800325e   0x00000002   PAD
    0x08003260   0x08003260   0x00000030   Code   RO         5644    i.ff_oem2uni        ffunicode.o
    0x08003290   0x08003290   0x0000003c   Code   RO         5645    i.ff_uni2oem        ffunicode.o
    0x080032cc   0x080032cc   0x00000088   Code   RO         5646    i.ff_wtoupper       ffunicode.o
    0x08003354   0x08003354   0x0000007c   Code   RO         5331    i.follow_path       ff.o
    0x080033d0   0x080033d0   0x00000018   Code   RO          329    i.fputc             usart.o
    0x080033e8   0x080033e8   0x0000009c   Code   RO         5333    i.gen_numname       ff.o
    0x08003484   0x08003484   0x000000e8   Code   RO         5334    i.get_fat           ff.o
    0x0800356c   0x0800356c   0x00000038   Code   RO         5336    i.get_ldnumber      ff.o
    0x080035a4   0x080035a4   0x00000026   Code   RO         5339    i.ld_clust          ff.o
    0x080035ca   0x080035ca   0x00000016   Code   RO         5340    i.ld_dword          ff.o
    0x080035e0   0x080035e0   0x0000000a   Code   RO         5341    i.ld_word           ff.o
    0x080035ea   0x080035ea   0x00000002   PAD
    0x080035ec   0x080035ec   0x00000580   Code   RO           16    i.main              main.o
    0x08003b6c   0x08003b6c   0x00000280   Code   RO         5342    i.mount_volume      ff.o
    0x08003dec   0x08003dec   0x00000032   Code   RO         5343    i.move_window       ff.o
    0x08003e1e   0x08003e1e   0x0000001a   Code   RO         4517    i.osDelay           cmsis_os2.o
    0x08003e38   0x08003e38   0x00000024   Code   RO         4531    i.osKernelInitialize  cmsis_os2.o
    0x08003e5c   0x08003e5c   0x00000038   Code   RO         4534    i.osKernelStart     cmsis_os2.o
    0x08003e94   0x08003e94   0x0000008a   Code   RO         4576    i.osThreadNew       cmsis_os2.o
    0x08003f1e   0x08003f1e   0x00000002   PAD
    0x08003f20   0x08003f20   0x0000005c   Code   RO         3976    i.prvAddCurrentTaskToDelayedList  tasks.o
    0x08003f7c   0x08003f7c   0x000000d0   Code   RO         3977    i.prvAddNewTaskToReadyList  tasks.o
    0x0800404c   0x0800404c   0x00000058   Code   RO         4341    i.prvCheckForValidListAndQueue  timers.o
    0x080040a4   0x080040a4   0x00000026   Code   RO         3573    i.prvCopyDataFromQueue  queue.o
    0x080040ca   0x080040ca   0x0000006c   Code   RO         3574    i.prvCopyDataToQueue  queue.o
    0x08004136   0x08004136   0x00000034   Code   RO         3978    i.prvDeleteTCB      tasks.o
    0x0800416a   0x0800416a   0x00000002   PAD
    0x0800416c   0x0800416c   0x0000004c   Code   RO         5028    i.prvHeapInit       heap_4.o
    0x080041b8   0x080041b8   0x00000060   Code   RO         3979    i.prvIdleTask       tasks.o
    0x08004218   0x08004218   0x00000022   Code   RO         3576    i.prvInitialiseNewQueue  queue.o
    0x0800423a   0x0800423a   0x00000002   PAD
    0x0800423c   0x0800423c   0x000000b0   Code   RO         3980    i.prvInitialiseNewTask  tasks.o
    0x080042ec   0x080042ec   0x0000004c   Code   RO         5029    i.prvInsertBlockIntoFreeList  heap_4.o
    0x08004338   0x08004338   0x00000038   Code   RO         4343    i.prvInsertTimerInActiveList  timers.o
    0x08004370   0x08004370   0x0000001c   Code   RO         3577    i.prvIsQueueEmpty   queue.o
    0x0800438c   0x0800438c   0x000000fc   Code   RO         4344    i.prvProcessReceivedCommands  timers.o
    0x08004488   0x08004488   0x000000c0   Code   RO         4345    i.prvProcessTimerOrBlockTask  timers.o
    0x08004548   0x08004548   0x00000020   Code   RO         3982    i.prvResetNextTaskUnblockTime  tasks.o
    0x08004568   0x08004568   0x00000028   Code   RO         4346    i.prvSampleTimeNow  timers.o
    0x08004590   0x08004590   0x0000006c   Code   RO         4347    i.prvSwitchTimerLists  timers.o
    0x080045fc   0x080045fc   0x00000028   Code   RO         5084    i.prvTaskExitError  port.o
    0x08004624   0x08004624   0x00000024   Code   RO         4348    i.prvTimerTask      timers.o
    0x08004648   0x08004648   0x0000006a   Code   RO         3578    i.prvUnlockQueue    queue.o
    0x080046b2   0x080046b2   0x00000124   Code   RO         5345    i.put_fat           ff.o
    0x080047d6   0x080047d6   0x00000002   PAD
    0x080047d8   0x080047d8   0x000000dc   Code   RO         5030    i.pvPortMalloc      heap_4.o
    0x080048b4   0x080048b4   0x0000002c   Code   RO         5085    i.pxPortInitialiseStack  port.o
    0x080048e0   0x080048e0   0x00000074   Code   RO         5349    i.remove_chain      ff.o
    0x08004954   0x08004954   0x00000020   Code   RO         5163    i.spi_SwapByte      w25qxx.o
    0x08004974   0x08004974   0x0000001a   Code   RO         5164    i.spi_recv_some_bytes  w25qxx.o
    0x0800498e   0x0800498e   0x0000001a   Code   RO         5165    i.spi_send_some_bytes  w25qxx.o
    0x080049a8   0x080049a8   0x00000028   Code   RO         5350    i.st_clust          ff.o
    0x080049d0   0x080049d0   0x00000010   Code   RO         5351    i.st_dword          ff.o
    0x080049e0   0x080049e0   0x00000008   Code   RO         5352    i.st_word           ff.o
    0x080049e8   0x080049e8   0x0000001a   Code   RO         5353    i.sum_sfn           ff.o
    0x08004a02   0x08004a02   0x00000002   PAD
    0x08004a04   0x08004a04   0x00000084   Code   RO         5354    i.sync_fs           ff.o
    0x08004a88   0x08004a88   0x00000046   Code   RO         5355    i.sync_window       ff.o
    0x08004ace   0x08004ace   0x00000026   Code   RO         3533    i.uxListRemove      list.o
    0x08004af4   0x08004af4   0x00000014   Code   RO         4588    i.vApplicationGetIdleTaskMemory  cmsis_os2.o
    0x08004b08   0x08004b08   0x00000018   Code   RO         4589    i.vApplicationGetTimerTaskMemory  cmsis_os2.o
    0x08004b20   0x08004b20   0x00000016   Code   RO         3534    i.vListInitialise   list.o
    0x08004b36   0x08004b36   0x00000006   Code   RO         3535    i.vListInitialiseItem  list.o
    0x08004b3c   0x08004b3c   0x00000030   Code   RO         3536    i.vListInsert       list.o
    0x08004b6c   0x08004b6c   0x00000018   Code   RO         3537    i.vListInsertEnd    list.o
    0x08004b84   0x08004b84   0x00000040   Code   RO         5087    i.vPortEnterCritical  port.o
    0x08004bc4   0x08004bc4   0x00000028   Code   RO         5088    i.vPortExitCritical  port.o
    0x08004bec   0x08004bec   0x00000064   Code   RO         5031    i.vPortFree         heap_4.o
    0x08004c50   0x08004c50   0x00000024   Code   RO         5089    i.vPortSetupTimerInterrupt  port.o
    0x08004c74   0x08004c74   0x00000054   Code   RO         5090    i.vPortValidateInterruptPriority  port.o
    0x08004cc8   0x08004cc8   0x00000028   Code   RO         3584    i.vQueueAddToRegistry  queue.o
    0x08004cf0   0x08004cf0   0x00000044   Code   RO         3588    i.vQueueWaitForMessageRestricted  queue.o
    0x08004d34   0x08004d34   0x0000004c   Code   RO         3995    i.vTaskDelay        tasks.o
    0x08004d80   0x08004d80   0x00000010   Code   RO         4000    i.vTaskInternalSetTimeOutState  tasks.o
    0x08004d90   0x08004d90   0x0000000c   Code   RO         4001    i.vTaskMissedYield  tasks.o
    0x08004d9c   0x08004d9c   0x00000030   Code   RO         4003    i.vTaskPlaceOnEventList  tasks.o
    0x08004dcc   0x08004dcc   0x00000038   Code   RO         4004    i.vTaskPlaceOnEventListRestricted  tasks.o
    0x08004e04   0x08004e04   0x00000088   Code   RO         4012    i.vTaskStartScheduler  tasks.o
    0x08004e8c   0x08004e8c   0x00000010   Code   RO         4014    i.vTaskSuspendAll   tasks.o
    0x08004e9c   0x08004e9c   0x00000064   Code   RO         4015    i.vTaskSwitchContext  tasks.o
    0x08004f00   0x08004f00   0x00000034   Code   RO         5356    i.validate          ff.o
    0x08004f34   0x08004f34   0x000000a0   Code   RO         5167    i.w25Qxx_Write      w25qxx.o
    0x08004fd4   0x08004fd4   0x0000003e   Code   RO         5168    i.w25Qxx_Write_NoCheck  w25qxx.o
    0x08005012   0x08005012   0x00000002   PAD
    0x08005014   0x08005014   0x00000050   Code   RO         5170    i.w25qxx_ReadSomeBytes  w25qxx.o
    0x08005064   0x08005064   0x00000050   Code   RO         5171    i.w25qxx_SectorErase  w25qxx.o
    0x080050b4   0x080050b4   0x00000034   Code   RO         5172    i.w25qxx_WaitNobusy  w25qxx.o
    0x080050e8   0x080050e8   0x00000028   Code   RO         5173    i.w25qxx_WriteEnable  w25qxx.o
    0x08005110   0x08005110   0x00000058   Code   RO         5174    i.w25qxx_WritePage  w25qxx.o
    0x08005168   0x08005168   0x000000f4   Code   RO         5091    i.xPortStartScheduler  port.o
    0x0800525c   0x0800525c   0x0000002c   Code   RO         5092    i.xPortSysTickHandler  port.o
    0x08005288   0x08005288   0x00000066   Code   RO         3594    i.xQueueGenericCreateStatic  queue.o
    0x080052ee   0x080052ee   0x00000002   PAD
    0x080052f0   0x080052f0   0x00000088   Code   RO         3595    i.xQueueGenericReset  queue.o
    0x08005378   0x08005378   0x00000160   Code   RO         3596    i.xQueueGenericSend  queue.o
    0x080054d8   0x080054d8   0x000000be   Code   RO         3597    i.xQueueGenericSendFromISR  queue.o
    0x08005596   0x08005596   0x00000002   PAD
    0x08005598   0x08005598   0x00000138   Code   RO         3606    i.xQueueReceive     queue.o
    0x080056d0   0x080056d0   0x00000074   Code   RO         4017    i.xTaskCheckForTimeOut  tasks.o
    0x08005744   0x08005744   0x0000005a   Code   RO         4018    i.xTaskCreate       tasks.o
    0x0800579e   0x0800579e   0x00000056   Code   RO         4019    i.xTaskCreateStatic  tasks.o
    0x080057f4   0x080057f4   0x0000001c   Code   RO         4023    i.xTaskGetSchedulerState  tasks.o
    0x08005810   0x08005810   0x0000000c   Code   RO         4024    i.xTaskGetTickCount  tasks.o
    0x0800581c   0x0800581c   0x000000c8   Code   RO         4026    i.xTaskIncrementTick  tasks.o
    0x080058e4   0x080058e4   0x00000080   Code   RO         4029    i.xTaskPriorityDisinherit  tasks.o
    0x08005964   0x08005964   0x00000070   Code   RO         4031    i.xTaskRemoveFromEventList  tasks.o
    0x080059d4   0x080059d4   0x000000c4   Code   RO         4032    i.xTaskResumeAll    tasks.o
    0x08005a98   0x08005a98   0x00000060   Code   RO         4357    i.xTimerCreateTimerTask  timers.o
    0x08005af8   0x08005af8   0x00000068   Code   RO         4358    i.xTimerGenericCommand  timers.o
    0x08005b60   0x08005b60   0x00000010   Data   RO           17    .constdata          main.o
    0x08005b70   0x08005b70   0x00000024   Data   RO          243    .constdata          freertos.o
    0x08005b94   0x08005b94   0x00000010   Data   RO         3369    .constdata          system_stm32f4xx.o
    0x08005ba4   0x08005ba4   0x00000008   Data   RO         3370    .constdata          system_stm32f4xx.o
    0x08005bac   0x08005bac   0x000000bc   Data   RO         5357    .constdata          ff.o
    0x08005c68   0x08005c68   0x000003ae   Data   RO         5647    .constdata          ffunicode.o
    0x08006016   0x08006016   0x00000002   PAD
    0x08006018   0x08006018   0x00000108   Data   RO           18    .conststring        main.o
    0x08006120   0x08006120   0x0000000c   Data   RO          244    .conststring        freertos.o
    0x0800612c   0x0800612c   0x00000020   Data   RO         5998    Region$$Table       anon$$obj.o


    Execution Region RW_IRAM1 (Exec base: 0x20000000, Load base: 0x0800614c, Size: 0x00004e58, Max: 0x00030000, ABSOLUTE)

    Exec Addr    Load Addr    Size         Type   Attr      Idx    E Section Name        Object

    0x20000000   0x0800614c   0x00000004   Data   RW          245    .data               freertos.o
    0x20000004   0x08006150   0x0000000c   Data   RW         1474    .data               stm32f4xx_hal.o
    0x20000010   0x0800615c   0x00000004   Data   RW         3371    .data               system_stm32f4xx.o
    0x20000014   0x08006160   0x0000003c   Data   RW         4035    .data               tasks.o
    0x20000050   0x0800619c   0x00000014   Data   RW         4366    .data               timers.o
    0x20000064   0x080061b0   0x00000004   Data   RW         4591    .data               cmsis_os2.o
    0x20000068   0x080061b4   0x00000020   Data   RW         5037    .data               heap_4.o
    0x20000088   0x080061d4   0x0000000c   Data   RW         5093    .data               port.o
    0x20000094   0x080061e0   0x00000008   Data   RW         5358    .data               ff.o
    0x2000009c   0x080061e8   0x00000004   Data   RW         5982    .data               mc_w.l(stdout.o)
    0x200000a0        -       0x00000058   Zero   RW          287    .bss                spi.o
    0x200000f8        -       0x00000044   Zero   RW          330    .bss                usart.o
    0x2000013c        -       0x00000048   Zero   RW          465    .bss                stm32f4xx_hal_timebase_tim.o
    0x20000184        -       0x00000040   Zero   RW         3610    .bss                queue.o
    0x200001c4        -       0x000004c4   Zero   RW         4034    .bss                tasks.o
    0x20000688        -       0x00000118   Zero   RW         4365    .bss                timers.o
    0x200007a0        -       0x000006b8   Zero   RW         4590    .bss                cmsis_os2.o
    0x20000e58        -       0x00003c00   Zero   RW         5036    .bss                heap_4.o
    0x20004a58        -       0x00000400   Zero   RW            1    STACK               startup_stm32f429xx.o


==============================================================================

Image component sizes


      Code (inc. data)   RO Data    RW Data    ZI Data      Debug   Object Name

       326         22          0          4       1720      65363   cmsis_os2.o
       108          0          0          0          0       4346   diskio.o
         0          0          0          0          0      19568   event_groups.o
      7614        172        188          8          0      52990   ff.o
       244         30        942          0          0       2964   ffunicode.o
        40         14         48          4          0       1761   freertos.o
       128         10          0          0          0        983   gpio.o
       472         24          0         32      15360       4967   heap_4.o
       138          0          0          0          0       3642   list.o
      1588       1026        280          0          0     776444   main.o
       786         82          0         12          0      11681   port.o
      1514         20          0          0         64      17656   queue.o
       176         22          0          0         88       1749   spi.o
        36          8        428          0       1024        852   startup_stm32f429xx.o
        80         14          0         12          0       8318   stm32f4xx_hal.o
       158         14          0          0          0      33238   stm32f4xx_hal_cortex.o
       574         54          0          0          0       2256   stm32f4xx_hal_gpio.o
        56          4          0          0          0        898   stm32f4xx_hal_msp.o
       112         14          0          0          0       1316   stm32f4xx_hal_pwr_ex.o
      1412         86          0          0          0       6001   stm32f4xx_hal_rcc.o
       942         12          0          0          0       4985   stm32f4xx_hal_spi.o
       786         72          0          0          0       7504   stm32f4xx_hal_tim.o
         4          0          0          0          0       1645   stm32f4xx_hal_tim_ex.o
       152         20          0          0         72       1523   stm32f4xx_hal_timebase_tim.o
       664         10          0          0          0       4276   stm32f4xx_hal_uart.o
        24          6          0          0          0       3359   stm32f4xx_it.o
         0          0          0          0          0        416   stream_buffer.o
        16          4         24          4          0       1175   system_stm32f4xx.o
      2084        168          0         60       1220      27304   tasks.o
       972         80          0         20        280      32411   timers.o
       188         26          0          0         68       2366   usart.o
       646         30          0          0          0       7501   w25qxx.o

    ----------------------------------------------------------------------
     22076       2044       1944        156      19896    1111458   Object Totals
         0          0         32          0          0          0   (incl. Generated)
        36          0          2          0          0          0   (incl. Padding)

    ----------------------------------------------------------------------

      Code (inc. data)   RO Data    RW Data    ZI Data      Debug   Library Member Name

         0          0          0          0          0          0   entry.o
         0          0          0          0          0          0   entry10a.o
         0          0          0          0          0          0   entry11a.o
         4          0          0          0          0          0   entry12b.o
         8          4          0          0          0          0   entry2.o
         4          0          0          0          0          0   entry5.o
         0          0          0          0          0          0   entry7b.o
         0          0          0          0          0          0   entry8b.o
         8          4          0          0          0          0   entry9a.o
        30          0          0          0          0          0   handlers.o
        36          8          0          0          0         68   init.o
        30          0          0          0          0         68   llshl.o
        32          0          0          0          0         68   llushr.o
        26          0          0          0          0         80   memcmp.o
        36          0          0          0          0         68   memcpya.o
        36          0          0          0          0        108   memseta.o
       472         14          0          0          0        184   printf3.o
         0          0          0          4          0          0   stdout.o
        20          0          0          0          0         68   strchr.o
        44          0          0          0          0         80   uidiv.o
        98          0          0          0          0         92   uldiv.o

    ----------------------------------------------------------------------
       888         30          0          4          0        884   Library Totals
         4          0          0          0          0          0   (incl. Padding)

    ----------------------------------------------------------------------

      Code (inc. data)   RO Data    RW Data    ZI Data      Debug   Library Name

       884         30          0          4          0        884   mc_w.l

    ----------------------------------------------------------------------
       888         30          0          4          0        884   Library Totals

    ----------------------------------------------------------------------

==============================================================================


      Code (inc. data)   RO Data    RW Data    ZI Data      Debug   

     22964       2074       1944        160      19896    1094782   Grand Totals
     22964       2074       1944        160      19896    1094782   ELF Image Totals
     22964       2074       1944        160          0          0   ROM Totals

==============================================================================

    Total RO  Size (Code + RO Data)                24908 (  24.32kB)
    Total RW  Size (RW Data + ZI Data)             20056 (  19.59kB)
    Total ROM Size (Code + RO Data + RW Data)      25068 (  24.48kB)

==============================================================================

